Archive member included to satisfy reference by file (symbol)

../../../../lib/ksdk_platform_lib/armgcc/KL03Z4/release/libksdk_platform.a(fsl_os_abstraction_bm.c.obj)
                              CMakeFiles/Warp.dir/home/cht46/Warp-firmware/build/ksdk1.1/work/demos/Warp/src/warp-kl03-ksdk1.1-boot.c.obj (OSA_TimeDelay)
../../../../lib/ksdk_platform_lib/armgcc/KL03Z4/release/libksdk_platform.a(fsl_clock_manager.c.obj)
                              CMakeFiles/Warp.dir/home/cht46/Warp-firmware/build/ksdk1.1/work/demos/Warp/src/warp-kl03-ksdk1.1-boot.c.obj (CLOCK_SYS_Init)
../../../../lib/ksdk_platform_lib/armgcc/KL03Z4/release/libksdk_platform.a(fsl_clock_MKL03Z4.c.obj)
                              ../../../../lib/ksdk_platform_lib/armgcc/KL03Z4/release/libksdk_platform.a(fsl_clock_manager.c.obj) (CLOCK_SYS_SetConfiguration)
../../../../lib/ksdk_platform_lib/armgcc/KL03Z4/release/libksdk_platform.a(fsl_interrupt_manager.c.obj)
                              ../../../../lib/ksdk_platform_lib/armgcc/KL03Z4/release/libksdk_platform.a(fsl_os_abstraction_bm.c.obj) (INT_SYS_InstallHandler)
../../../../lib/ksdk_platform_lib/armgcc/KL03Z4/release/libksdk_platform.a(fsl_power_manager.c.obj)
                              CMakeFiles/Warp.dir/home/cht46/Warp-firmware/build/ksdk1.1/work/demos/Warp/src/warp-kl03-ksdk1.1-boot.c.obj (POWER_SYS_Init)
../../../../lib/ksdk_platform_lib/armgcc/KL03Z4/release/libksdk_platform.a(fsl_gpio_driver.c.obj)
                              ../../../../lib/ksdk_platform_lib/armgcc/KL03Z4/release/libksdk_platform.a(fsl_power_manager.c.obj) (GPIO_DRV_InputPinInit)
../../../../lib/ksdk_platform_lib/armgcc/KL03Z4/release/libksdk_platform.a(fsl_i2c_shared_function.c.obj)
                              CMakeFiles/Warp.dir/home/cht46/Warp-firmware/build/ksdk1.1/work/platform/drivers/src/i2c/fsl_i2c_irq.c.obj (I2C_DRV_IRQHandler)
../../../../lib/ksdk_platform_lib/armgcc/KL03Z4/release/libksdk_platform.a(fsl_i2c_common.c.obj)
                              ../../../../lib/ksdk_platform_lib/armgcc/KL03Z4/release/libksdk_platform.a(fsl_i2c_shared_function.c.obj) (g_i2cBaseAddr)
../../../../lib/ksdk_platform_lib/armgcc/KL03Z4/release/libksdk_platform.a(fsl_i2c_master_driver.c.obj)
                              CMakeFiles/Warp.dir/home/cht46/Warp-firmware/build/ksdk1.1/work/demos/Warp/src/warp-kl03-ksdk1.1-boot.c.obj (I2C_DRV_MasterInit)
../../../../lib/ksdk_platform_lib/armgcc/KL03Z4/release/libksdk_platform.a(fsl_i2c_slave_driver.c.obj)
                              ../../../../lib/ksdk_platform_lib/armgcc/KL03Z4/release/libksdk_platform.a(fsl_i2c_shared_function.c.obj) (I2C_DRV_SlaveIRQHandler)
../../../../lib/ksdk_platform_lib/armgcc/KL03Z4/release/libksdk_platform.a(fsl_llwu_hal.c.obj)
                              ../../../../lib/ksdk_platform_lib/armgcc/KL03Z4/release/libksdk_platform.a(fsl_power_manager.c.obj) (LLWU_HAL_SetExternalInputPinMode)
../../../../lib/ksdk_platform_lib/armgcc/KL03Z4/release/libksdk_platform.a(fsl_mcglite_hal.c.obj)
                              ../../../../lib/ksdk_platform_lib/armgcc/KL03Z4/release/libksdk_platform.a(fsl_clock_MKL03Z4.c.obj) (CLOCK_HAL_GetInternalRefClk)
../../../../lib/ksdk_platform_lib/armgcc/KL03Z4/release/libksdk_platform.a(fsl_mcglite_hal_modes.c.obj)
                              ../../../../lib/ksdk_platform_lib/armgcc/KL03Z4/release/libksdk_platform.a(fsl_power_manager.c.obj) (CLOCK_HAL_GetMode)
../../../../lib/ksdk_platform_lib/armgcc/KL03Z4/release/libksdk_platform.a(fsl_osc_hal.c.obj)
                              ../../../../lib/ksdk_platform_lib/armgcc/KL03Z4/release/libksdk_platform.a(fsl_clock_MKL03Z4.c.obj) (OSC_HAL_SetExternalRefClkCmd)
../../../../lib/ksdk_platform_lib/armgcc/KL03Z4/release/libksdk_platform.a(fsl_rtc_hal.c.obj)
                              CMakeFiles/Warp.dir/home/cht46/Warp-firmware/build/ksdk1.1/work/demos/Warp/src/warp-kl03-ksdk1.1-powermodes.c.obj (RTC_HAL_ConvertSecsToDatetime)
../../../../lib/ksdk_platform_lib/armgcc/KL03Z4/release/libksdk_platform.a(fsl_rtc_driver.c.obj)
                              CMakeFiles/Warp.dir/home/cht46/Warp-firmware/build/ksdk1.1/work/demos/Warp/src/warp-kl03-ksdk1.1-boot.c.obj (RTC_DRV_Init)
../../../../lib/ksdk_platform_lib/armgcc/KL03Z4/release/libksdk_platform.a(fsl_rtc_common.c.obj)
                              ../../../../lib/ksdk_platform_lib/armgcc/KL03Z4/release/libksdk_platform.a(fsl_rtc_driver.c.obj) (g_rtcSecondsIrqId)
../../../../lib/ksdk_platform_lib/armgcc/KL03Z4/release/libksdk_platform.a(fsl_sim_hal_MKL03Z4.c.obj)
                              ../../../../lib/ksdk_platform_lib/armgcc/KL03Z4/release/libksdk_platform.a(fsl_clock_MKL03Z4.c.obj) (CLOCK_HAL_SetOutDiv)
../../../../lib/ksdk_platform_lib/armgcc/KL03Z4/release/libksdk_platform.a(fsl_spi_shared_function.c.obj)
                              CMakeFiles/Warp.dir/home/cht46/Warp-firmware/build/ksdk1.1/work/platform/drivers/src/spi/fsl_spi_irq.c.obj (SPI_DRV_IRQHandler)
[...]
Memory Configuration

Name             Origin             Length             Attributes
m_interrupts     0x0000000000000000 0x0000000000000100 xr
m_flash_config   0x0000000000000400 0x0000000000000010 xr
m_text           0x0000000000000410 0x0000000000007bf0 xr
m_data           0x000000001ffffe00 0x0000000000000800 rw
*default*        0x0000000000000000 0xffffffffffffffff

Linker script and memory map

LOAD /usr/lib/gcc/arm-none-eabi/4.9.3/armv6-m/crti.o
LOAD /usr/lib/gcc/arm-none-eabi/4.9.3/armv6-m/crtbegin.o
LOAD /usr/lib/gcc/arm-none-eabi/4.9.3/../../../arm-none-eabi/lib/armv6-m/crt0.o
LOAD /usr/lib/gcc/arm-none-eabi/4.9.3/../../../arm-none-eabi/lib/armv6-m/libm.a
                0x0000000000000200                __stack_size__ = 0x200
                0x0000000000000050                __heap_size__ = 0x50
LOAD CMakeFiles/Warp.dir/home/cht46/Warp-firmware/build/ksdk1.1/work/platform/utilities/src/fsl_misc_utilities.c.obj
LOAD CMakeFiles/Warp.dir/home/cht46/Warp-firmware/build/ksdk1.1/work/platform/startup/MKL03Z4/gcc/startup_MKL03Z4.S.obj
LOAD CMakeFiles/Warp.dir/home/cht46/Warp-firmware/build/ksdk1.1/work/demos/Warp/src/warp-kl03-ksdk1.1-boot.c.obj
LOAD CMakeFiles/Warp.dir/home/cht46/Warp-firmware/build/ksdk1.1/work/demos/Warp/src/warp-kl03-ksdk1.1-powermodes.c.obj
LOAD CMakeFiles/Warp.dir/home/cht46/Warp-firmware/build/ksdk1.1/work/demos/Warp/src/devBMX055.c.obj
LOAD CMakeFiles/Warp.dir/home/cht46/Warp-firmware/build/ksdk1.1/work/demos/Warp/src/devADXL362.c.obj
LOAD CMakeFiles/Warp.dir/home/cht46/Warp-firmware/build/ksdk1.1/work/demos/Warp/src/devMMA8451Q.c.obj
LOAD CMakeFiles/Warp.dir/home/cht46/Warp-firmware/build/ksdk1.1/work/demos/Warp/src/devLPS25H.c.obj
LOAD CMakeFiles/Warp.dir/home/cht46/Warp-firmware/build/ksdk1.1/work/demos/Warp/src/devHDC1000.c.obj
LOAD CMakeFiles/Warp.dir/home/cht46/Warp-firmware/build/ksdk1.1/work/demos/Warp/src/devMAG3110.c.obj
LOAD CMakeFiles/Warp.dir/home/cht46/Warp-firmware/build/ksdk1.1/work/demos/Warp/src/devSI7021.c.obj
LOAD CMakeFiles/Warp.dir/home/cht46/Warp-firmware/build/ksdk1.1/work/demos/Warp/src/devL3GD20H.c.obj
LOAD CMakeFiles/Warp.dir/home/cht46/Warp-firmware/build/ksdk1.1/work/demos/Warp/src/devBME680.c.obj
LOAD CMakeFiles/Warp.dir/home/cht46/Warp-firmware/build/ksdk1.1/work/demos/Warp/src/devTCS34725.c.obj
LOAD CMakeFiles/Warp.dir/home/cht46/Warp-firmware/build/ksdk1.1/work/demos/Warp/src/devSI4705.c.obj
LOAD CMakeFiles/Warp.dir/home/cht46/Warp-firmware/build/ksdk1.1/work/demos/Warp/src/devCCS811.c.obj
LOAD CMakeFiles/Warp.dir/home/cht46/Warp-firmware/build/ksdk1.1/work/demos/Warp/src/devAMG8834.c.obj
LOAD CMakeFiles/Warp.dir/home/cht46/Warp-firmware/build/ksdk1.1/work/demos/Warp/src/devPAN1326.c.obj
LOAD CMakeFiles/Warp.dir/home/cht46/Warp-firmware/build/ksdk1.1/work/demos/Warp/src/devAS7262.c.obj
LOAD CMakeFiles/Warp.dir/home/cht46/Warp-firmware/build/ksdk1.1/work/demos/Warp/src/devAS7263.c.obj
LOAD CMakeFiles/Warp.dir/home/cht46/Warp-firmware/build/ksdk1.1/work/demos/Warp/src/SEGGER_RTT.c.obj
LOAD CMakeFiles/Warp.dir/home/cht46/Warp-firmware/build/ksdk1.1/work/demos/Warp/src/SEGGER_RTT_printf.c.obj
LOAD CMakeFiles/Warp.dir/home/cht46/Warp-firmware/build/ksdk1.1/work/platform/drivers/src/i2c/fsl_i2c_irq.c.obj
LOAD CMakeFiles/Warp.dir/home/cht46/Warp-firmware/build/ksdk1.1/work/platform/drivers/src/spi/fsl_spi_irq.c.obj
LOAD CMakeFiles/Warp.dir/home/cht46/Warp-firmware/build/ksdk1.1/work/platform/startup/MKL03Z4/system_MKL03Z4.c.obj
LOAD CMakeFiles/Warp.dir/home/cht46/Warp-firmware/build/ksdk1.1/work/platform/startup/startup.c.obj
LOAD CMakeFiles/Warp.dir/home/cht46/Warp-firmware/build/ksdk1.1/work/boards/Warp/gpio_pins.c.obj
START GROUP
LOAD ../../../../lib/ksdk_platform_lib/armgcc/KL03Z4/release/libksdk_platform.a
LOAD /usr/lib/gcc/arm-none-eabi/4.9.3/../../../arm-none-eabi/lib/armv6-m/libm.a
LOAD /usr/lib/gcc/arm-none-eabi/4.9.3/../../../arm-none-eabi/lib/armv6-m/libc_nano.a
LOAD /usr/lib/gcc/arm-none-eabi/4.9.3/armv6-m/libgcc.a
LOAD /usr/lib/gcc/arm-none-eabi/4.9.3/../../../arm-none-eabi/lib/armv6-m/libnosys.a
END GROUP
START GROUP
LOAD /usr/lib/gcc/arm-none-eabi/4.9.3/armv6-m/libgcc.a
LOAD /usr/lib/gcc/arm-none-eabi/4.9.3/../../../arm-none-eabi/lib/armv6-m/libc_nano.a
END GROUP
START GROUP
LOAD /usr/lib/gcc/arm-none-eabi/4.9.3/armv6-m/libgcc.a
LOAD /usr/lib/gcc/arm-none-eabi/4.9.3/../../../arm-none-eabi/lib/armv6-m/libc_nano.a
END GROUP
LOAD /usr/lib/gcc/arm-none-eabi/4.9.3/armv6-m/crtend.o
LOAD /usr/lib/gcc/arm-none-eabi/4.9.3/armv6-m/crtn.o
                0x0000000000000200                HEAP_SIZE = DEFINED (__heap_size__)?__heap_size__:0x200
                0x0000000000000050                STACK_SIZE = DEFINED (__stack_size__)?__stack_size__:0x50
                0x0000000000000000                M_VECTOR_RAM_SIZE = DEFINED (__ram_vector_table__)?0x100:0x0

.interrupts     0x0000000000000000       0xc0
                0x0000000000000000                __VECTOR_TABLE = .
                0x0000000000000000                . = ALIGN (0x4)
 *(.isr_vector)
 .isr_vector    0x0000000000000000       0xc0 CMakeFiles/Warp.dir/home/cht46/Warp-firmware/build/ksdk1.1/work/platform/startup/MKL03Z4/gcc/startup_MKL03Z4.S.obj
                0x0000000000000000                __isr_vector
                0x00000000000000c0                . = ALIGN (0x4)

.flash_config   0x0000000000000400       0x10
                0x0000000000000400                . = ALIGN (0x4)
 *(.FlashConfig)
 .FlashConfig   0x0000000000000400       0x10 CMakeFiles/Warp.dir/home/cht46/Warp-firmware/build/ksdk1.1/work/platform/startup/MKL03Z4/gcc/startup_MKL03Z4.S.obj
                0x0000000000000410                . = ALIGN (0x4)

.text           0x0000000000000410     0x6738
                0x0000000000000410                . = ALIGN (0x4)
 *(.text)
 .text          0x0000000000000410       0xb4 /usr/lib/gcc/arm-none-eabi/4.9.3/armv6-m/crtbegin.o
 .text          0x00000000000004c4       0x6c /usr/lib/gcc/arm-none-eabi/4.9.3/../../../arm-none-eabi/lib/armv6-m/crt0.o
                0x00000000000004c4                _mainCRTStartup
                0x00000000000004c4                _start
 .text          0x0000000000000530       0x30 CMakeFiles/Warp.dir/home/cht46/Warp-firmware/build/ksdk1.1/work/platform/startup/MKL03Z4/gcc/startup_MKL03Z4.S.obj
                0x0000000000000530                Reset_Handler
                0x0000000000000558                Reserved18_IRQHandler
                0x0000000000000558                Reserved16_IRQHandler
                0x0000000000000558                HardFault_Handler
                0x0000000000000558                SysTick_Handler
                0x0000000000000558                PendSV_Handler
                0x0000000000000558                NMI_Handler
                0x0000000000000558                Reserved19_IRQHandler
                0x0000000000000558                Reserved29_IRQHandler
                0x0000000000000558                TPM0_IRQHandler
                0x0000000000000558                LLWU_IRQHandler
                0x0000000000000558                Reserved42_IRQHandler
                0x0000000000000558                ADC0_IRQHandler
                0x0000000000000558                Reserved39_IRQHandler
                0x0000000000000558                DefaultISR
                0x0000000000000558                Reserved25_IRQHandler
                0x0000000000000558                PORTB_IRQHandler
                0x0000000000000558                Reserved43_IRQHandler
                0x0000000000000558                Reserved27_IRQHandler
                0x0000000000000558                Reserved35_IRQHandler
                0x0000000000000558                Reserved20_IRQHandler
                0x0000000000000558                Reserved17_IRQHandler
                0x0000000000000558                Reserved41_IRQHandler
                0x0000000000000558                SVC_Handler
                0x0000000000000558                LPUART0_IRQHandler
                0x0000000000000558                Reserved45_IRQHandler
                0x0000000000000558                Reserved30_IRQHandler
                0x0000000000000558                PMC_IRQHandler
                0x0000000000000558                TPM1_IRQHandler
                0x0000000000000558                PORTA_IRQHandler
                0x0000000000000558                FTFA_IRQHandler
                0x0000000000000558                Reserved40_IRQHandler
                0x0000000000000558                Reserved38_IRQHandler
                0x0000000000000558                LPTMR0_IRQHandler
                0x0000000000000558                CMP0_IRQHandler
 .text          0x0000000000000560       0x14 /usr/lib/gcc/arm-none-eabi/4.9.3/armv6-m/libgcc.a(_thumb1_case_sqi.o)
                0x0000000000000560                __gnu_thumb1_case_sqi
 .text          0x0000000000000574       0x14 /usr/lib/gcc/arm-none-eabi/4.9.3/armv6-m/libgcc.a(_thumb1_case_uqi.o)
                0x0000000000000574                __gnu_thumb1_case_uqi
 .text          0x0000000000000588       0x14 /usr/lib/gcc/arm-none-eabi/4.9.3/armv6-m/libgcc.a(_thumb1_case_uhi.o)
                0x0000000000000588                __gnu_thumb1_case_uhi
 .text          0x000000000000059c      0x120 /usr/lib/gcc/arm-none-eabi/4.9.3/armv6-m/libgcc.a(_udivsi3.o)
                0x000000000000059c                __udivsi3
                0x000000000000059c                __aeabi_uidiv
                0x00000000000006a8                __aeabi_uidivmod
 .text          0x00000000000006bc      0x1e0 /usr/lib/gcc/arm-none-eabi/4.9.3/armv6-m/libgcc.a(_divsi3.o)
                0x00000000000006bc                __aeabi_idiv
                0x00000000000006bc                __divsi3
                0x0000000000000888                __aeabi_idivmod
 .text          0x000000000000089c        0x4 /usr/lib/gcc/arm-none-eabi/4.9.3/armv6-m/libgcc.a(_dvmd_tls.o)
                0x000000000000089c                __aeabi_ldiv0
                0x000000000000089c                __aeabi_idiv0
 *(.text*)
 .text._sbrk    0x00000000000008a0       0x38 CMakeFiles/Warp.dir/home/cht46/Warp-firmware/build/ksdk1.1/work/platform/utilities/src/fsl_misc_utilities.c.obj
                0x00000000000008a0                _sbrk
 .text.clockManagerCallbackRoutine
                0x00000000000008d8        0xc CMakeFiles/Warp.dir/home/cht46/Warp-firmware/build/ksdk1.1/work/demos/Warp/src/warp-kl03-ksdk1.1-boot.c.obj
                0x00000000000008d8                clockManagerCallbackRoutine
 .text.callback0
                0x00000000000008e4       0x14 CMakeFiles/Warp.dir/home/cht46/Warp-firmware/build/ksdk1.1/work/demos/Warp/src/warp-kl03-ksdk1.1-boot.c.obj
                0x00000000000008e4                callback0
 .text.RTC_IRQHandler
                0x00000000000008f8       0x16 CMakeFiles/Warp.dir/home/cht46/Warp-firmware/build/ksdk1.1/work/demos/Warp/src/warp-kl03-ksdk1.1-boot.c.obj
                0x00000000000008f8                RTC_IRQHandler
 *fill*         0x000000000000090e        0x2 
 .text.RTC_Seconds_IRQHandler
                0x0000000000000910       0x10 CMakeFiles/Warp.dir/home/cht46/Warp-firmware/build/ksdk1.1/work/demos/Warp/src/warp-kl03-ksdk1.1-boot.c.obj
                0x0000000000000910                RTC_Seconds_IRQHandler
 .text.enableSPIpins
                0x0000000000000920       0x5c CMakeFiles/Warp.dir/home/cht46/Warp-firmware/build/ksdk1.1/work/demos/Warp/src/warp-kl03-ksdk1.1-boot.c.obj
                0x0000000000000920                enableSPIpins
 .text.disableSPIpins
                0x000000000000097c       0x40 CMakeFiles/Warp.dir/home/cht46/Warp-firmware/build/ksdk1.1/work/demos/Warp/src/warp-kl03-ksdk1.1-boot.c.obj
                0x000000000000097c                disableSPIpins
 .text.enableI2Cpins
                0x00000000000009bc       0x2c CMakeFiles/Warp.dir/home/cht46/Warp-firmware/build/ksdk1.1/work/demos/Warp/src/warp-kl03-ksdk1.1-boot.c.obj
                0x00000000000009bc                enableI2Cpins
 .text.disableI2Cpins
                0x00000000000009e8       0x34 CMakeFiles/Warp.dir/home/cht46/Warp-firmware/build/ksdk1.1/work/demos/Warp/src/warp-kl03-ksdk1.1-boot.c.obj
                0x00000000000009e8                disableI2Cpins
 .text.lowPowerPinStates
                0x0000000000000a1c      0x13c CMakeFiles/Warp.dir/home/cht46/Warp-firmware/build/ksdk1.1/work/demos/Warp/src/warp-kl03-ksdk1.1-boot.c.obj
                0x0000000000000a1c                lowPowerPinStates
 .text.disableTPS82740A
                0x0000000000000b58        0xa CMakeFiles/Warp.dir/home/cht46/Warp-firmware/build/ksdk1.1/work/demos/Warp/src/warp-kl03-ksdk1.1-boot.c.obj
                0x0000000000000b58                disableTPS82740A
 .text.disableTPS82740B
                0x0000000000000b62        0xa CMakeFiles/Warp.dir/home/cht46/Warp-firmware/build/ksdk1.1/work/demos/Warp/src/warp-kl03-ksdk1.1-boot.c.obj
                0x0000000000000b62                disableTPS82740B
 .text.setTPS82740CommonControlLines
                0x0000000000000b6c      0x114 CMakeFiles/Warp.dir/home/cht46/Warp-firmware/build/ksdk1.1/work/demos/Warp/src/warp-kl03-ksdk1.1-boot.c.obj
                0x0000000000000b6c                setTPS82740CommonControlLines
 .text.enableTPS82740A
                0x0000000000000c80       0x1c CMakeFiles/Warp.dir/home/cht46/Warp-firmware/build/ksdk1.1/work/demos/Warp/src/warp-kl03-ksdk1.1-boot.c.obj
                0x0000000000000c80                enableTPS82740A
 .text.enableTPS82740B
                0x0000000000000c9c       0x1c CMakeFiles/Warp.dir/home/cht46/Warp-firmware/build/ksdk1.1/work/demos/Warp/src/warp-kl03-ksdk1.1-boot.c.obj
                0x0000000000000c9c                enableTPS82740B
 .text.enableSssupply
                0x0000000000000cb8       0x40 CMakeFiles/Warp.dir/home/cht46/Warp-firmware/build/ksdk1.1/work/demos/Warp/src/warp-kl03-ksdk1.1-boot.c.obj
                0x0000000000000cb8                enableSssupply
 .text.disableSssupply
                0x0000000000000cf8       0x14 CMakeFiles/Warp.dir/home/cht46/Warp-firmware/build/ksdk1.1/work/demos/Warp/src/warp-kl03-ksdk1.1-boot.c.obj
                0x0000000000000cf8                disableSssupply
 .text.warpLowPowerSecondsSleep
                0x0000000000000d0c       0x1e CMakeFiles/Warp.dir/home/cht46/Warp-firmware/build/ksdk1.1/work/demos/Warp/src/warp-kl03-ksdk1.1-boot.c.obj
                0x0000000000000d0c                warpLowPowerSecondsSleep
 .text.sleepUntilReset
                0x0000000000000d2a       0x24 CMakeFiles/Warp.dir/home/cht46/Warp-firmware/build/ksdk1.1/work/demos/Warp/src/warp-kl03-ksdk1.1-boot.c.obj
                0x0000000000000d2a                sleepUntilReset
 *fill*         0x0000000000000d4e        0x2 
 .text.dumpProcessorState
                0x0000000000000d50      0x134 CMakeFiles/Warp.dir/home/cht46/Warp-firmware/build/ksdk1.1/work/demos/Warp/src/warp-kl03-ksdk1.1-boot.c.obj
                0x0000000000000d50                dumpProcessorState
 .text.loopForSensor
                0x0000000000000e84      0x258 CMakeFiles/Warp.dir/home/cht46/Warp-firmware/build/ksdk1.1/work/demos/Warp/src/warp-kl03-ksdk1.1-boot.c.obj
                0x0000000000000e84                loopForSensor
 .text.repeatRegisterReadForDeviceAndAddress
                0x00000000000010dc      0x438 CMakeFiles/Warp.dir/home/cht46/Warp-firmware/build/ksdk1.1/work/demos/Warp/src/warp-kl03-ksdk1.1-boot.c.obj
                0x00000000000010dc                repeatRegisterReadForDeviceAndAddress
 .text.char2int
                0x0000000000001514       0x28 CMakeFiles/Warp.dir/home/cht46/Warp-firmware/build/ksdk1.1/work/demos/Warp/src/warp-kl03-ksdk1.1-boot.c.obj
                0x0000000000001514                char2int
 .text.readHexByte
                0x000000000000153c       0x2a CMakeFiles/Warp.dir/home/cht46/Warp-firmware/build/ksdk1.1/work/demos/Warp/src/warp-kl03-ksdk1.1-boot.c.obj
                0x000000000000153c                readHexByte
 .text.read4digits
                0x0000000000001566       0x42 CMakeFiles/Warp.dir/home/cht46/Warp-firmware/build/ksdk1.1/work/demos/Warp/src/warp-kl03-ksdk1.1-boot.c.obj
                0x0000000000001566                read4digits
 .text.writeByteToI2cDeviceRegister
                0x00000000000015a8       0x58 CMakeFiles/Warp.dir/home/cht46/Warp-firmware/build/ksdk1.1/work/demos/Warp/src/warp-kl03-ksdk1.1-boot.c.obj
                0x00000000000015a8                writeByteToI2cDeviceRegister
 .text.writeBytesToSpi
                0x0000000000001600       0x40 CMakeFiles/Warp.dir/home/cht46/Warp-firmware/build/ksdk1.1/work/demos/Warp/src/warp-kl03-ksdk1.1-boot.c.obj
                0x0000000000001600                writeBytesToSpi
 .text.powerupAllSensors
                0x0000000000001640       0x30 CMakeFiles/Warp.dir/home/cht46/Warp-firmware/build/ksdk1.1/work/demos/Warp/src/warp-kl03-ksdk1.1-boot.c.obj
                0x0000000000001640                powerupAllSensors
 .text.activateAllLowPowerSensorModes
                0x0000000000001670       0xc8 CMakeFiles/Warp.dir/home/cht46/Warp-firmware/build/ksdk1.1/work/demos/Warp/src/warp-kl03-ksdk1.1-boot.c.obj
                0x0000000000001670                activateAllLowPowerSensorModes
 .text.startup.main
                0x0000000000001738      0xae8 CMakeFiles/Warp.dir/home/cht46/Warp-firmware/build/ksdk1.1/work/demos/Warp/src/warp-kl03-ksdk1.1-boot.c.obj
                0x0000000000001738                main
 .text.setSleepRtcAlarm
                0x0000000000002220       0x2e CMakeFiles/Warp.dir/home/cht46/Warp-firmware/build/ksdk1.1/work/demos/Warp/src/warp-kl03-ksdk1.1-powermodes.c.obj
 *fill*         0x000000000000224e        0x2 
 .text.gpioDisableWakeUp
                0x0000000000002250       0x18 CMakeFiles/Warp.dir/home/cht46/Warp-firmware/build/ksdk1.1/work/demos/Warp/src/warp-kl03-ksdk1.1-powermodes.c.obj
                0x0000000000002250                gpioDisableWakeUp
 .text.warpSetLowPowerMode
                0x0000000000002268       0xec CMakeFiles/Warp.dir/home/cht46/Warp-firmware/build/ksdk1.1/work/demos/Warp/src/warp-kl03-ksdk1.1-powermodes.c.obj
                0x0000000000002268                warpSetLowPowerMode
 .text.initBMX055accel
                0x0000000000002354        0xa CMakeFiles/Warp.dir/home/cht46/Warp-firmware/build/ksdk1.1/work/demos/Warp/src/devBMX055.c.obj
                0x0000000000002354                initBMX055accel
 *fill*         0x000000000000235e        0x2 
 .text.readSensorRegisterBMX055accel
                0x0000000000002360       0x4c CMakeFiles/Warp.dir/home/cht46/Warp-firmware/build/ksdk1.1/work/demos/Warp/src/devBMX055.c.obj
                0x0000000000002360                readSensorRegisterBMX055accel
 .text.initBMX055mag
                0x00000000000023ac        0xc CMakeFiles/Warp.dir/home/cht46/Warp-firmware/build/ksdk1.1/work/demos/Warp/src/devBMX055.c.obj
                0x00000000000023ac                initBMX055mag
 .text.readSensorRegisterBMX055mag
                0x00000000000023b8       0x50 CMakeFiles/Warp.dir/home/cht46/Warp-firmware/build/ksdk1.1/work/demos/Warp/src/devBMX055.c.obj
                0x00000000000023b8                readSensorRegisterBMX055mag
 .text.initBMX055gyro
                0x0000000000002408        0xc CMakeFiles/Warp.dir/home/cht46/Warp-firmware/build/ksdk1.1/work/demos/Warp/src/devBMX055.c.obj
                0x0000000000002408                initBMX055gyro
 .text.readSensorRegisterBMX055gyro
                0x0000000000002414       0x4c CMakeFiles/Warp.dir/home/cht46/Warp-firmware/build/ksdk1.1/work/demos/Warp/src/devBMX055.c.obj
                0x0000000000002414                readSensorRegisterBMX055gyro
 .text.initADXL362
                0x0000000000002460        0x8 CMakeFiles/Warp.dir/home/cht46/Warp-firmware/build/ksdk1.1/work/demos/Warp/src/devADXL362.c.obj
                0x0000000000002460                initADXL362
 .text.writeSensorRegisterADXL362
                0x0000000000002468       0x60 CMakeFiles/Warp.dir/home/cht46/Warp-firmware/build/ksdk1.1/work/demos/Warp/src/devADXL362.c.obj
                0x0000000000002468                writeSensorRegisterADXL362
 .text.readSensorRegisterADXL362
                0x00000000000024c8        0xe CMakeFiles/Warp.dir/home/cht46/Warp-firmware/build/ksdk1.1/work/demos/Warp/src/devADXL362.c.obj
                0x00000000000024c8                readSensorRegisterADXL362
 .text.initMMA8451Q
                0x00000000000024d6        0xa CMakeFiles/Warp.dir/home/cht46/Warp-firmware/build/ksdk1.1/work/demos/Warp/src/devMMA8451Q.c.obj
                0x00000000000024d6                initMMA8451Q
 .text.readSensorRegisterMMA8451Q
                0x00000000000024e0       0x60 CMakeFiles/Warp.dir/home/cht46/Warp-firmware/build/ksdk1.1/work/demos/Warp/src/devMMA8451Q.c.obj
                0x00000000000024e0                readSensorRegisterMMA8451Q
 .text.initLPS25H
                0x0000000000002540        0x8 CMakeFiles/Warp.dir/home/cht46/Warp-firmware/build/ksdk1.1/work/demos/Warp/src/devLPS25H.c.obj
                0x0000000000002540                initLPS25H
 .text.readSensorRegisterLPS25H
                0x0000000000002548       0x6c CMakeFiles/Warp.dir/home/cht46/Warp-firmware/build/ksdk1.1/work/demos/Warp/src/devLPS25H.c.obj
                0x0000000000002548                readSensorRegisterLPS25H
 .text.initHDC1000
                0x00000000000025b4        0x8 CMakeFiles/Warp.dir/home/cht46/Warp-firmware/build/ksdk1.1/work/demos/Warp/src/devHDC1000.c.obj
                0x00000000000025b4                initHDC1000
 .text.readSensorRegisterHDC1000
                0x00000000000025bc       0xc8 CMakeFiles/Warp.dir/home/cht46/Warp-firmware/build/ksdk1.1/work/demos/Warp/src/devHDC1000.c.obj
                0x00000000000025bc                readSensorRegisterHDC1000
 .text.initMAG3110
                0x0000000000002684        0xc CMakeFiles/Warp.dir/home/cht46/Warp-firmware/build/ksdk1.1/work/demos/Warp/src/devMAG3110.c.obj
                0x0000000000002684                initMAG3110
 .text.readSensorRegisterMAG3110
                0x0000000000002690       0x58 CMakeFiles/Warp.dir/home/cht46/Warp-firmware/build/ksdk1.1/work/demos/Warp/src/devMAG3110.c.obj
                0x0000000000002690                readSensorRegisterMAG3110
 .text.initSI7021
                0x00000000000026e8        0x8 CMakeFiles/Warp.dir/home/cht46/Warp-firmware/build/ksdk1.1/work/demos/Warp/src/devSI7021.c.obj
                0x00000000000026e8                initSI7021
 .text.readSensorRegisterSI7021
                0x00000000000026f0       0x90 CMakeFiles/Warp.dir/home/cht46/Warp-firmware/build/ksdk1.1/work/demos/Warp/src/devSI7021.c.obj
                0x00000000000026f0                readSensorRegisterSI7021
 .text.initL3GD20H
                0x0000000000002780        0xc CMakeFiles/Warp.dir/home/cht46/Warp-firmware/build/ksdk1.1/work/demos/Warp/src/devL3GD20H.c.obj
                0x0000000000002780                initL3GD20H
 .text.readSensorRegisterL3GD20H
                0x000000000000278c       0x68 CMakeFiles/Warp.dir/home/cht46/Warp-firmware/build/ksdk1.1/work/demos/Warp/src/devL3GD20H.c.obj
                0x000000000000278c                readSensorRegisterL3GD20H
 .text.initBME680
                0x00000000000027f4        0x8 CMakeFiles/Warp.dir/home/cht46/Warp-firmware/build/ksdk1.1/work/demos/Warp/src/devBME680.c.obj
                0x00000000000027f4                initBME680
 .text.readSensorRegisterBME680
                0x00000000000027fc       0x7c CMakeFiles/Warp.dir/home/cht46/Warp-firmware/build/ksdk1.1/work/demos/Warp/src/devBME680.c.obj
                0x00000000000027fc                readSensorRegisterBME680
 .text.initTCS34725
                0x0000000000002878        0x8 CMakeFiles/Warp.dir/home/cht46/Warp-firmware/build/ksdk1.1/work/demos/Warp/src/devTCS34725.c.obj
                0x0000000000002878                initTCS34725
 .text.readSensorRegisterTCS34725
                0x0000000000002880       0x70 CMakeFiles/Warp.dir/home/cht46/Warp-firmware/build/ksdk1.1/work/demos/Warp/src/devTCS34725.c.obj
                0x0000000000002880                readSensorRegisterTCS34725
 .text.initSI4705
                0x00000000000028f0        0xc CMakeFiles/Warp.dir/home/cht46/Warp-firmware/build/ksdk1.1/work/demos/Warp/src/devSI4705.c.obj
                0x00000000000028f0                initSI4705
 .text.readSensorRegisterSI4705
                0x00000000000028fc       0x58 CMakeFiles/Warp.dir/home/cht46/Warp-firmware/build/ksdk1.1/work/demos/Warp/src/devSI4705.c.obj
                0x00000000000028fc                readSensorRegisterSI4705
 .text.initCCS811
                0x0000000000002954        0xc CMakeFiles/Warp.dir/home/cht46/Warp-firmware/build/ksdk1.1/work/demos/Warp/src/devCCS811.c.obj
                0x0000000000002954                initCCS811
 .text.readSensorRegisterCCS811
                0x0000000000002960       0x40 CMakeFiles/Warp.dir/home/cht46/Warp-firmware/build/ksdk1.1/work/demos/Warp/src/devCCS811.c.obj
                0x0000000000002960                readSensorRegisterCCS811
 .text.initAMG8834
                0x00000000000029a0        0x8 CMakeFiles/Warp.dir/home/cht46/Warp-firmware/build/ksdk1.1/work/demos/Warp/src/devAMG8834.c.obj
                0x00000000000029a0                initAMG8834
 .text.readSensorRegisterAMG8834
                0x00000000000029a8       0x40 CMakeFiles/Warp.dir/home/cht46/Warp-firmware/build/ksdk1.1/work/demos/Warp/src/devAMG8834.c.obj
                0x00000000000029a8                readSensorRegisterAMG8834
 .text.initAS7262
                0x00000000000029e8        0xc CMakeFiles/Warp.dir/home/cht46/Warp-firmware/build/ksdk1.1/work/demos/Warp/src/devAS7262.c.obj
                0x00000000000029e8                initAS7262
 .text.readSensorRegisterAS7262
                0x00000000000029f4      0x104 CMakeFiles/Warp.dir/home/cht46/Warp-firmware/build/ksdk1.1/work/demos/Warp/src/devAS7262.c.obj
                0x00000000000029f4                readSensorRegisterAS7262
 .text.initAS7263
                0x0000000000002af8        0xc CMakeFiles/Warp.dir/home/cht46/Warp-firmware/build/ksdk1.1/work/demos/Warp/src/devAS7263.c.obj
                0x0000000000002af8                initAS7263
 .text.readSensorRegisterAS7263
                0x0000000000002b04      0x104 CMakeFiles/Warp.dir/home/cht46/Warp-firmware/build/ksdk1.1/work/demos/Warp/src/devAS7263.c.obj
                0x0000000000002b04                readSensorRegisterAS7263
 .text._GetAvailWriteSpace
                0x0000000000002c08       0x16 CMakeFiles/Warp.dir/home/cht46/Warp-firmware/build/ksdk1.1/work/demos/Warp/src/SEGGER_RTT.c.obj
 .text._WriteNoCheck
                0x0000000000002c1e       0x38 CMakeFiles/Warp.dir/home/cht46/Warp-firmware/build/ksdk1.1/work/demos/Warp/src/SEGGER_RTT.c.obj
 .text._WriteBlocking
                0x0000000000002c56       0x5c CMakeFiles/Warp.dir/home/cht46/Warp-firmware/build/ksdk1.1/work/demos/Warp/src/SEGGER_RTT.c.obj
 *fill*         0x0000000000002cb2        0x2 
 .text._DoInit  0x0000000000002cb4       0x60 CMakeFiles/Warp.dir/home/cht46/Warp-firmware/build/ksdk1.1/work/demos/Warp/src/SEGGER_RTT.c.obj
 .text.SEGGER_RTT_ReadNoLock
                0x0000000000002d14       0xac CMakeFiles/Warp.dir/home/cht46/Warp-firmware/build/ksdk1.1/work/demos/Warp/src/SEGGER_RTT.c.obj
                0x0000000000002d14                SEGGER_RTT_ReadNoLock
 .text.SEGGER_RTT_Read
                0x0000000000002dc0       0x1a CMakeFiles/Warp.dir/home/cht46/Warp-firmware/build/ksdk1.1/work/demos/Warp/src/SEGGER_RTT.c.obj
                0x0000000000002dc0                SEGGER_RTT_Read
 *fill*         0x0000000000002dda        0x2 
 .text.SEGGER_RTT_WriteNoLock
                0x0000000000002ddc       0x60 CMakeFiles/Warp.dir/home/cht46/Warp-firmware/build/ksdk1.1/work/demos/Warp/src/SEGGER_RTT.c.obj
                0x0000000000002ddc                SEGGER_RTT_WriteNoLock
 .text.SEGGER_RTT_Write
                0x0000000000002e3c       0x34 CMakeFiles/Warp.dir/home/cht46/Warp-firmware/build/ksdk1.1/work/demos/Warp/src/SEGGER_RTT.c.obj
                0x0000000000002e3c                SEGGER_RTT_Write
 .text.SEGGER_RTT_WriteString
                0x0000000000002e70       0x18 CMakeFiles/Warp.dir/home/cht46/Warp-firmware/build/ksdk1.1/work/demos/Warp/src/SEGGER_RTT.c.obj
                0x0000000000002e70                SEGGER_RTT_WriteString
 .text.SEGGER_RTT_GetKey
                0x0000000000002e88       0x1e CMakeFiles/Warp.dir/home/cht46/Warp-firmware/build/ksdk1.1/work/demos/Warp/src/SEGGER_RTT.c.obj
                0x0000000000002e88                SEGGER_RTT_GetKey
 .text.SEGGER_RTT_WaitKey
                0x0000000000002ea6        0xc CMakeFiles/Warp.dir/home/cht46/Warp-firmware/build/ksdk1.1/work/demos/Warp/src/SEGGER_RTT.c.obj
                0x0000000000002ea6                SEGGER_RTT_WaitKey
 *fill*         0x0000000000002eb2        0x2 
 .text.SEGGER_RTT_ConfigUpBuffer
                0x0000000000002eb4       0x60 CMakeFiles/Warp.dir/home/cht46/Warp-firmware/build/ksdk1.1/work/demos/Warp/src/SEGGER_RTT.c.obj
                0x0000000000002eb4                SEGGER_RTT_ConfigUpBuffer
 .text._StoreChar
                0x0000000000002f14       0x3e CMakeFiles/Warp.dir/home/cht46/Warp-firmware/build/ksdk1.1/work/demos/Warp/src/SEGGER_RTT_printf.c.obj
 *fill*         0x0000000000002f52        0x2 
 .text._PrintUnsigned
                0x0000000000002f54       0xe0 CMakeFiles/Warp.dir/home/cht46/Warp-firmware/build/ksdk1.1/work/demos/Warp/src/SEGGER_RTT_printf.c.obj
 .text.SEGGER_RTT_vprintf
                0x0000000000003034      0x25c CMakeFiles/Warp.dir/home/cht46/Warp-firmware/build/ksdk1.1/work/demos/Warp/src/SEGGER_RTT_printf.c.obj
                0x0000000000003034                SEGGER_RTT_vprintf
 .text.SEGGER_RTT_printf
                0x0000000000003290       0x18 CMakeFiles/Warp.dir/home/cht46/Warp-firmware/build/ksdk1.1/work/demos/Warp/src/SEGGER_RTT_printf.c.obj
                0x0000000000003290                SEGGER_RTT_printf
 .text.I2C0_IRQHandler
                0x00000000000032a8        0xa CMakeFiles/Warp.dir/home/cht46/Warp-firmware/build/ksdk1.1/work/platform/drivers/src/i2c/fsl_i2c_irq.c.obj
                0x00000000000032a8                I2C0_IRQHandler
 .text.SPI0_IRQHandler
                0x00000000000032b2        0xa CMakeFiles/Warp.dir/home/cht46/Warp-firmware/build/ksdk1.1/work/platform/drivers/src/spi/fsl_spi_irq.c.obj
                0x00000000000032b2                SPI0_IRQHandler
 .text.SystemInit
                0x00000000000032bc       0x84 CMakeFiles/Warp.dir/home/cht46/Warp-firmware/build/ksdk1.1/work/platform/startup/MKL03Z4/system_MKL03Z4.c.obj
                0x00000000000032bc                SystemInit
 .text.init_data_bss
                0x0000000000003340       0x7c CMakeFiles/Warp.dir/home/cht46/Warp-firmware/build/ksdk1.1/work/platform/startup/startup.c.obj
                0x0000000000003340                init_data_bss
 .text.OSA_SemaCreate
                0x00000000000033bc        0xe ../../../../lib/ksdk_platform_lib/armgcc/KL03Z4/release/libksdk_platform.a(fsl_os_abstraction_bm.c.obj)
                0x00000000000033bc                OSA_SemaCreate
 .text.OSA_SemaPost
                0x00000000000033ca       0x20 ../../../../lib/ksdk_platform_lib/armgcc/KL03Z4/release/libksdk_platform.a(fsl_os_abstraction_bm.c.obj)
                0x00000000000033ca                OSA_SemaPost
 .text.OSA_SemaDestroy
                0x00000000000033ea        0x4 ../../../../lib/ksdk_platform_lib/armgcc/KL03Z4/release/libksdk_platform.a(fsl_os_abstraction_bm.c.obj)
                0x00000000000033ea                OSA_SemaDestroy
 .text.OSA_EventSet
                0x00000000000033ee       0x18 ../../../../lib/ksdk_platform_lib/armgcc/KL03Z4/release/libksdk_platform.a(fsl_os_abstraction_bm.c.obj)
                0x00000000000033ee                OSA_EventSet
 *fill*         0x0000000000003406        0x2 
 .text.task_init
                0x0000000000003408       0x38 ../../../../lib/ksdk_platform_lib/armgcc/KL03Z4/release/libksdk_platform.a(fsl_os_abstraction_bm.c.obj)
                0x0000000000003408                task_init
 .text.OSA_TimeGetMsec
                0x0000000000003440       0x10 ../../../../lib/ksdk_platform_lib/armgcc/KL03Z4/release/libksdk_platform.a(fsl_os_abstraction_bm.c.obj)
                0x0000000000003440                OSA_TimeGetMsec
 .text.OSA_SemaWait
                0x0000000000003450       0x78 ../../../../lib/ksdk_platform_lib/armgcc/KL03Z4/release/libksdk_platform.a(fsl_os_abstraction_bm.c.obj)
                0x0000000000003450                OSA_SemaWait
 .text.OSA_TimeDelay
                0x00000000000034c8       0x24 ../../../../lib/ksdk_platform_lib/armgcc/KL03Z4/release/libksdk_platform.a(fsl_os_abstraction_bm.c.obj)
                0x00000000000034c8                OSA_TimeDelay
 .text.OSA_EnterCritical
                0x00000000000034ec        0xc ../../../../lib/ksdk_platform_lib/armgcc/KL03Z4/release/libksdk_platform.a(fsl_os_abstraction_bm.c.obj)
                0x00000000000034ec                OSA_EnterCritical
 .text.OSA_ExitCritical
                0x00000000000034f8        0xc ../../../../lib/ksdk_platform_lib/armgcc/KL03Z4/release/libksdk_platform.a(fsl_os_abstraction_bm.c.obj)
                0x00000000000034f8                OSA_ExitCritical
 .text.OSA_Init
                0x0000000000003504       0x48 ../../../../lib/ksdk_platform_lib/armgcc/KL03Z4/release/libksdk_platform.a(fsl_os_abstraction_bm.c.obj)
                0x0000000000003504                OSA_Init
 .text.CLOCK_SYS_Init
                0x000000000000354c       0x18 ../../../../lib/ksdk_platform_lib/armgcc/KL03Z4/release/libksdk_platform.a(fsl_clock_manager.c.obj)
                0x000000000000354c                CLOCK_SYS_Init
 .text.CLOCK_SYS_UpdateConfiguration
                0x0000000000003564      0x110 ../../../../lib/ksdk_platform_lib/armgcc/KL03Z4/release/libksdk_platform.a(fsl_clock_manager.c.obj)
                0x0000000000003564                CLOCK_SYS_UpdateConfiguration
 .text.CLOCK_SYS_GetCurrentConfiguration
                0x0000000000003674        0xc ../../../../lib/ksdk_platform_lib/armgcc/KL03Z4/release/libksdk_platform.a(fsl_clock_manager.c.obj)
                0x0000000000003674                CLOCK_SYS_GetCurrentConfiguration
 .text.CLOCK_SYS_SetMcgliteMode
                0x0000000000003680       0x80 ../../../../lib/ksdk_platform_lib/armgcc/KL03Z4/release/libksdk_platform.a(fsl_clock_manager.c.obj)
                0x0000000000003680                CLOCK_SYS_SetMcgliteMode
 .text.SIM_HAL_GetGateCmd.constprop.4
                0x0000000000003700       0x24 ../../../../lib/ksdk_platform_lib/armgcc/KL03Z4/release/libksdk_platform.a(fsl_clock_MKL03Z4.c.obj)
 .text.SIM_HAL_DisableClock.constprop.5
                0x0000000000003724       0x20 ../../../../lib/ksdk_platform_lib/armgcc/KL03Z4/release/libksdk_platform.a(fsl_clock_MKL03Z4.c.obj)
 .text.SIM_HAL_EnableClock.constprop.6
                0x0000000000003744       0x24 ../../../../lib/ksdk_platform_lib/armgcc/KL03Z4/release/libksdk_platform.a(fsl_clock_MKL03Z4.c.obj)
 .text.CLOCK_SYS_SetConfiguration
                0x0000000000003768       0x58 ../../../../lib/ksdk_platform_lib/armgcc/KL03Z4/release/libksdk_platform.a(fsl_clock_MKL03Z4.c.obj)
                0x0000000000003768                CLOCK_SYS_SetConfiguration
 .text.CLOCK_SYS_GetCoreClockFreq
                0x00000000000037c0       0x20 ../../../../lib/ksdk_platform_lib/armgcc/KL03Z4/release/libksdk_platform.a(fsl_clock_MKL03Z4.c.obj)
                0x00000000000037c0                CLOCK_SYS_GetCoreClockFreq
 .text.CLOCK_SYS_GetSystemClockFreq
                0x00000000000037e0       0x20 ../../../../lib/ksdk_platform_lib/armgcc/KL03Z4/release/libksdk_platform.a(fsl_clock_MKL03Z4.c.obj)
                0x00000000000037e0                CLOCK_SYS_GetSystemClockFreq
 .text.CLOCK_SYS_GetBusClockFreq
                0x0000000000003800       0x20 ../../../../lib/ksdk_platform_lib/armgcc/KL03Z4/release/libksdk_platform.a(fsl_clock_MKL03Z4.c.obj)
                0x0000000000003800                CLOCK_SYS_GetBusClockFreq
 .text.CLOCK_SYS_GetFlashClockFreq
                0x0000000000003820       0x20 ../../../../lib/ksdk_platform_lib/armgcc/KL03Z4/release/libksdk_platform.a(fsl_clock_MKL03Z4.c.obj)
                0x0000000000003820                CLOCK_SYS_GetFlashClockFreq
 .text.CLOCK_SYS_GetExternalRefClock32kFreq
                0x0000000000003840       0x40 ../../../../lib/ksdk_platform_lib/armgcc/KL03Z4/release/libksdk_platform.a(fsl_clock_MKL03Z4.c.obj)
                0x0000000000003840                CLOCK_SYS_GetExternalRefClock32kFreq
 .text.CLOCK_SYS_GetRtcFreq
                0x0000000000003880        0x8 ../../../../lib/ksdk_platform_lib/armgcc/KL03Z4/release/libksdk_platform.a(fsl_clock_MKL03Z4.c.obj)
                0x0000000000003880                CLOCK_SYS_GetRtcFreq
 .text.CLOCK_SYS_GetOsc0ExternalRefClockFreq
                0x0000000000003888       0x20 ../../../../lib/ksdk_platform_lib/armgcc/KL03Z4/release/libksdk_platform.a(fsl_clock_MKL03Z4.c.obj)
                0x0000000000003888                CLOCK_SYS_GetOsc0ExternalRefClockFreq
 .text.CLOCK_SYS_GetRtcOutFreq
                0x00000000000038a8       0x18 ../../../../lib/ksdk_platform_lib/armgcc/KL03Z4/release/libksdk_platform.a(fsl_clock_MKL03Z4.c.obj)
                0x00000000000038a8                CLOCK_SYS_GetRtcOutFreq
 .text.CLOCK_SYS_GetFreq
                0x00000000000038c0       0x7c ../../../../lib/ksdk_platform_lib/armgcc/KL03Z4/release/libksdk_platform.a(fsl_clock_MKL03Z4.c.obj)
                0x00000000000038c0                CLOCK_SYS_GetFreq
 .text.CLOCK_SYS_EnablePortClock
                0x000000000000393c       0x10 ../../../../lib/ksdk_platform_lib/armgcc/KL03Z4/release/libksdk_platform.a(fsl_clock_MKL03Z4.c.obj)
                0x000000000000393c                CLOCK_SYS_EnablePortClock
 .text.CLOCK_SYS_GetPortGateCmd
                0x000000000000394c       0x10 ../../../../lib/ksdk_platform_lib/armgcc/KL03Z4/release/libksdk_platform.a(fsl_clock_MKL03Z4.c.obj)
                0x000000000000394c                CLOCK_SYS_GetPortGateCmd
 .text.CLOCK_SYS_GetAdcGateCmd
                0x000000000000395c        0xa ../../../../lib/ksdk_platform_lib/armgcc/KL03Z4/release/libksdk_platform.a(fsl_clock_MKL03Z4.c.obj)
                0x000000000000395c                CLOCK_SYS_GetAdcGateCmd
 .text.CLOCK_SYS_EnableSpiClock
                0x0000000000003966        0xa ../../../../lib/ksdk_platform_lib/armgcc/KL03Z4/release/libksdk_platform.a(fsl_clock_MKL03Z4.c.obj)
                0x0000000000003966                CLOCK_SYS_EnableSpiClock
 .text.CLOCK_SYS_DisableSpiClock
                0x0000000000003970        0xa ../../../../lib/ksdk_platform_lib/armgcc/KL03Z4/release/libksdk_platform.a(fsl_clock_MKL03Z4.c.obj)
                0x0000000000003970                CLOCK_SYS_DisableSpiClock
 .text.CLOCK_SYS_GetSpiGateCmd
                0x000000000000397a        0xa ../../../../lib/ksdk_platform_lib/armgcc/KL03Z4/release/libksdk_platform.a(fsl_clock_MKL03Z4.c.obj)
                0x000000000000397a                CLOCK_SYS_GetSpiGateCmd
 .text.CLOCK_SYS_EnableI2cClock
                0x0000000000003984        0xa ../../../../lib/ksdk_platform_lib/armgcc/KL03Z4/release/libksdk_platform.a(fsl_clock_MKL03Z4.c.obj)
                0x0000000000003984                CLOCK_SYS_EnableI2cClock
 .text.CLOCK_SYS_DisableI2cClock
                0x000000000000398e        0xa ../../../../lib/ksdk_platform_lib/armgcc/KL03Z4/release/libksdk_platform.a(fsl_clock_MKL03Z4.c.obj)
                0x000000000000398e                CLOCK_SYS_DisableI2cClock
 .text.CLOCK_SYS_GetI2cGateCmd
                0x0000000000003998        0xa ../../../../lib/ksdk_platform_lib/armgcc/KL03Z4/release/libksdk_platform.a(fsl_clock_MKL03Z4.c.obj)
                0x0000000000003998                CLOCK_SYS_GetI2cGateCmd
 .text.CLOCK_SYS_GetLpuartGateCmd
                0x00000000000039a2        0xa ../../../../lib/ksdk_platform_lib/armgcc/KL03Z4/release/libksdk_platform.a(fsl_clock_MKL03Z4.c.obj)
                0x00000000000039a2                CLOCK_SYS_GetLpuartGateCmd
 .text.CLOCK_SYS_GetTpmGateCmd
                0x00000000000039ac       0x10 ../../../../lib/ksdk_platform_lib/armgcc/KL03Z4/release/libksdk_platform.a(fsl_clock_MKL03Z4.c.obj)
                0x00000000000039ac                CLOCK_SYS_GetTpmGateCmd
 .text.INT_SYS_EnableIRQGlobal
                0x00000000000039bc       0x18 ../../../../lib/ksdk_platform_lib/armgcc/KL03Z4/release/libksdk_platform.a(fsl_interrupt_manager.c.obj)
                0x00000000000039bc                INT_SYS_EnableIRQGlobal
 .text.INT_SYS_DisableIRQGlobal
                0x00000000000039d4       0x10 ../../../../lib/ksdk_platform_lib/armgcc/KL03Z4/release/libksdk_platform.a(fsl_interrupt_manager.c.obj)
                0x00000000000039d4                INT_SYS_DisableIRQGlobal
 .text.POWER_SYS_WaitForRunStatus
                0x00000000000039e4       0x3c ../../../../lib/ksdk_platform_lib/armgcc/KL03Z4/release/libksdk_platform.a(fsl_power_manager.c.obj)
 .text.POWER_SYS_WaitForVlprStatus
                0x0000000000003a20       0x24 ../../../../lib/ksdk_platform_lib/armgcc/KL03Z4/release/libksdk_platform.a(fsl_power_manager.c.obj)
 .text.POWER_SYS_Init
                0x0000000000003a44       0x48 ../../../../lib/ksdk_platform_lib/armgcc/KL03Z4/release/libksdk_platform.a(fsl_power_manager.c.obj)
                0x0000000000003a44                POWER_SYS_Init
 .text.POWER_SYS_SetMode
                0x0000000000003a8c      0x2e4 ../../../../lib/ksdk_platform_lib/armgcc/KL03Z4/release/libksdk_platform.a(fsl_power_manager.c.obj)
                0x0000000000003a8c                POWER_SYS_SetMode
 .text.POWER_SYS_GetCurrentMode
                0x0000000000003d70       0x20 ../../../../lib/ksdk_platform_lib/armgcc/KL03Z4/release/libksdk_platform.a(fsl_power_manager.c.obj)
                0x0000000000003d70                POWER_SYS_GetCurrentMode
 .text.GPIO_DRV_InputPinInit
                0x0000000000003d90       0x8c ../../../../lib/ksdk_platform_lib/armgcc/KL03Z4/release/libksdk_platform.a(fsl_gpio_driver.c.obj)
                0x0000000000003d90                GPIO_DRV_InputPinInit
 .text.GPIO_DRV_OutputPinInit
                0x0000000000003e1c       0x58 ../../../../lib/ksdk_platform_lib/armgcc/KL03Z4/release/libksdk_platform.a(fsl_gpio_driver.c.obj)
                0x0000000000003e1c                GPIO_DRV_OutputPinInit
 .text.GPIO_DRV_Init
                0x0000000000003e74       0x36 ../../../../lib/ksdk_platform_lib/armgcc/KL03Z4/release/libksdk_platform.a(fsl_gpio_driver.c.obj)
                0x0000000000003e74                GPIO_DRV_Init
 *fill*         0x0000000000003eaa        0x2 
 .text.GPIO_DRV_SetPinOutput
                0x0000000000003eac       0x1c ../../../../lib/ksdk_platform_lib/armgcc/KL03Z4/release/libksdk_platform.a(fsl_gpio_driver.c.obj)
                0x0000000000003eac                GPIO_DRV_SetPinOutput
 .text.GPIO_DRV_ClearPinOutput
                0x0000000000003ec8       0x1c ../../../../lib/ksdk_platform_lib/armgcc/KL03Z4/release/libksdk_platform.a(fsl_gpio_driver.c.obj)
                0x0000000000003ec8                GPIO_DRV_ClearPinOutput
 .text.I2C_DRV_IRQHandler
                0x0000000000003ee4       0x28 ../../../../lib/ksdk_platform_lib/armgcc/KL03Z4/release/libksdk_platform.a(fsl_i2c_shared_function.c.obj)
                0x0000000000003ee4                I2C_DRV_IRQHandler
 .text.I2C_HAL_WriteByte
                0x0000000000003f0c       0x14 ../../../../lib/ksdk_platform_lib/armgcc/KL03Z4/release/libksdk_platform.a(fsl_i2c_master_driver.c.obj)
 .text.I2C_DRV_MasterWait
                0x0000000000003f20       0x2c ../../../../lib/ksdk_platform_lib/armgcc/KL03Z4/release/libksdk_platform.a(fsl_i2c_master_driver.c.obj)
 .text.I2C_DRV_SendAddress.isra.1
                0x0000000000003f4c       0xf0 ../../../../lib/ksdk_platform_lib/armgcc/KL03Z4/release/libksdk_platform.a(fsl_i2c_master_driver.c.obj)
 .text.I2C_DRV_CompleteTransfer
                0x000000000000403c       0x4c ../../../../lib/ksdk_platform_lib/armgcc/KL03Z4/release/libksdk_platform.a(fsl_i2c_master_driver.c.obj)
 .text.I2C_DRV_MasterInit
                0x0000000000004088       0x78 ../../../../lib/ksdk_platform_lib/armgcc/KL03Z4/release/libksdk_platform.a(fsl_i2c_master_driver.c.obj)
                0x0000000000004088                I2C_DRV_MasterInit
 .text.I2C_DRV_MasterDeinit
                0x0000000000004100       0x50 ../../../../lib/ksdk_platform_lib/armgcc/KL03Z4/release/libksdk_platform.a(fsl_i2c_master_driver.c.obj)
                0x0000000000004100                I2C_DRV_MasterDeinit
 .text.I2C_DRV_MasterSetBaudRate
                0x0000000000004150       0x34 ../../../../lib/ksdk_platform_lib/armgcc/KL03Z4/release/libksdk_platform.a(fsl_i2c_master_driver.c.obj)
                0x0000000000004150                I2C_DRV_MasterSetBaudRate
 .text.I2C_DRV_MasterSend
                0x0000000000004184       0xdc ../../../../lib/ksdk_platform_lib/armgcc/KL03Z4/release/libksdk_platform.a(fsl_i2c_master_driver.c.obj)
 .text.I2C_DRV_MasterReceive
                0x0000000000004260       0xec ../../../../lib/ksdk_platform_lib/armgcc/KL03Z4/release/libksdk_platform.a(fsl_i2c_master_driver.c.obj)
 .text.I2C_DRV_MasterSendDataBlocking
                0x000000000000434c       0x1a ../../../../lib/ksdk_platform_lib/armgcc/KL03Z4/release/libksdk_platform.a(fsl_i2c_master_driver.c.obj)
                0x000000000000434c                I2C_DRV_MasterSendDataBlocking
 .text.I2C_DRV_MasterReceiveDataBlocking
                0x0000000000004366       0x1a ../../../../lib/ksdk_platform_lib/armgcc/KL03Z4/release/libksdk_platform.a(fsl_i2c_master_driver.c.obj)
                0x0000000000004366                I2C_DRV_MasterReceiveDataBlocking
 .text.I2C_DRV_MasterIRQHandler
                0x0000000000004380       0xa0 ../../../../lib/ksdk_platform_lib/armgcc/KL03Z4/release/libksdk_platform.a(fsl_i2c_master_driver.c.obj)
                0x0000000000004380                I2C_DRV_MasterIRQHandler
 .text.I2C_HAL_ClearInt
                0x0000000000004420        0xe ../../../../lib/ksdk_platform_lib/armgcc/KL03Z4/release/libksdk_platform.a(fsl_i2c_slave_driver.c.obj)
 *fill*         0x000000000000442e        0x2 
 .text.I2C_DRV_SlaveIRQHandler
                0x0000000000004430      0x250 ../../../../lib/ksdk_platform_lib/armgcc/KL03Z4/release/libksdk_platform.a(fsl_i2c_slave_driver.c.obj)
                0x0000000000004430                I2C_DRV_SlaveIRQHandler
 .text.CLOCK_HAL_GetLircClk
                0x0000000000004680       0x30 ../../../../lib/ksdk_platform_lib/armgcc/KL03Z4/release/libksdk_platform.a(fsl_mcglite_hal.c.obj)
                0x0000000000004680                CLOCK_HAL_GetLircClk
 .text.CLOCK_HAL_GetInternalRefClk
                0x00000000000046b0       0x2c ../../../../lib/ksdk_platform_lib/armgcc/KL03Z4/release/libksdk_platform.a(fsl_mcglite_hal.c.obj)
                0x00000000000046b0                CLOCK_HAL_GetInternalRefClk
 .text.CLOCK_HAL_GetOutClk
                0x00000000000046dc       0x48 ../../../../lib/ksdk_platform_lib/armgcc/KL03Z4/release/libksdk_platform.a(fsl_mcglite_hal.c.obj)
                0x00000000000046dc                CLOCK_HAL_GetOutClk
 .text.CLOCK_HAL_GetMode
                0x0000000000004724       0x34 ../../../../lib/ksdk_platform_lib/armgcc/KL03Z4/release/libksdk_platform.a(fsl_mcglite_hal_modes.c.obj)
                0x0000000000004724                CLOCK_HAL_GetMode
 .text.CLOCK_HAL_SetHircMode
                0x0000000000004758       0x38 ../../../../lib/ksdk_platform_lib/armgcc/KL03Z4/release/libksdk_platform.a(fsl_mcglite_hal_modes.c.obj)
                0x0000000000004758                CLOCK_HAL_SetHircMode
 .text.CLOCK_HAL_SetLircMode
                0x0000000000004790       0x84 ../../../../lib/ksdk_platform_lib/armgcc/KL03Z4/release/libksdk_platform.a(fsl_mcglite_hal_modes.c.obj)
                0x0000000000004790                CLOCK_HAL_SetLircMode
 .text.CLOCK_HAL_SetExtMode
                0x0000000000004814       0x38 ../../../../lib/ksdk_platform_lib/armgcc/KL03Z4/release/libksdk_platform.a(fsl_mcglite_hal_modes.c.obj)
                0x0000000000004814                CLOCK_HAL_SetExtMode
 .text.OSC_HAL_SetExternalRefClkCmd
                0x000000000000484c        0xe ../../../../lib/ksdk_platform_lib/armgcc/KL03Z4/release/libksdk_platform.a(fsl_osc_hal.c.obj)
                0x000000000000484c                OSC_HAL_SetExternalRefClkCmd
 .text.OSC_HAL_GetExternalRefClkCmd
                0x000000000000485a       0x10 ../../../../lib/ksdk_platform_lib/armgcc/KL03Z4/release/libksdk_platform.a(fsl_osc_hal.c.obj)
                0x000000000000485a                OSC_HAL_GetExternalRefClkCmd
 .text.OSC_HAL_SetExternalRefClkInStopModeCmd
                0x000000000000486a        0xe ../../../../lib/ksdk_platform_lib/armgcc/KL03Z4/release/libksdk_platform.a(fsl_osc_hal.c.obj)
                0x000000000000486a                OSC_HAL_SetExternalRefClkInStopModeCmd
 .text.RTC_HAL_ConvertSecsToDatetime
                0x0000000000004878       0x9c ../../../../lib/ksdk_platform_lib/armgcc/KL03Z4/release/libksdk_platform.a(fsl_rtc_hal.c.obj)
                0x0000000000004878                RTC_HAL_ConvertSecsToDatetime
 .text.RTC_HAL_IsDatetimeCorrectFormat
                0x0000000000004914       0x54 ../../../../lib/ksdk_platform_lib/armgcc/KL03Z4/release/libksdk_platform.a(fsl_rtc_hal.c.obj)
                0x0000000000004914                RTC_HAL_IsDatetimeCorrectFormat
 .text.RTC_HAL_ConvertDatetimeToSecs
                0x0000000000004968       0x58 ../../../../lib/ksdk_platform_lib/armgcc/KL03Z4/release/libksdk_platform.a(fsl_rtc_hal.c.obj)
                0x0000000000004968                RTC_HAL_ConvertDatetimeToSecs
 .text.RTC_HAL_Enable
                0x00000000000049c0       0x28 ../../../../lib/ksdk_platform_lib/armgcc/KL03Z4/release/libksdk_platform.a(fsl_rtc_hal.c.obj)
                0x00000000000049c0                RTC_HAL_Enable
 .text.RTC_HAL_Init
                0x00000000000049e8       0x38 ../../../../lib/ksdk_platform_lib/armgcc/KL03Z4/release/libksdk_platform.a(fsl_rtc_hal.c.obj)
                0x00000000000049e8                RTC_HAL_Init
 .text.RTC_HAL_SetDatetimeInsecs
                0x0000000000004a20       0x18 ../../../../lib/ksdk_platform_lib/armgcc/KL03Z4/release/libksdk_platform.a(fsl_rtc_hal.c.obj)
                0x0000000000004a20                RTC_HAL_SetDatetimeInsecs
 .text.RTC_HAL_GetDatetimeInSecs
                0x0000000000004a38        0x6 ../../../../lib/ksdk_platform_lib/armgcc/KL03Z4/release/libksdk_platform.a(fsl_rtc_hal.c.obj)
                0x0000000000004a38                RTC_HAL_GetDatetimeInSecs
 *fill*         0x0000000000004a3e        0x2 
 .text.RTC_DRV_Init
                0x0000000000004a40       0x5c ../../../../lib/ksdk_platform_lib/armgcc/KL03Z4/release/libksdk_platform.a(fsl_rtc_driver.c.obj)
                0x0000000000004a40                RTC_DRV_Init
 .text.RTC_DRV_SetDatetime
                0x0000000000004a9c       0x50 ../../../../lib/ksdk_platform_lib/armgcc/KL03Z4/release/libksdk_platform.a(fsl_rtc_driver.c.obj)
                0x0000000000004a9c                RTC_DRV_SetDatetime
 .text.RTC_DRV_GetDatetime
                0x0000000000004aec       0x58 ../../../../lib/ksdk_platform_lib/armgcc/KL03Z4/release/libksdk_platform.a(fsl_rtc_driver.c.obj)
                0x0000000000004aec                RTC_DRV_GetDatetime
 .text.RTC_DRV_SetAlarm
                0x0000000000004b44       0x6c ../../../../lib/ksdk_platform_lib/armgcc/KL03Z4/release/libksdk_platform.a(fsl_rtc_driver.c.obj)
                0x0000000000004b44                RTC_DRV_SetAlarm
 .text.RTC_DRV_SetAlarmIntCmd
                0x0000000000004bb0       0x18 ../../../../lib/ksdk_platform_lib/armgcc/KL03Z4/release/libksdk_platform.a(fsl_rtc_driver.c.obj)
                0x0000000000004bb0                RTC_DRV_SetAlarmIntCmd
 .text.RTC_DRV_IsAlarmPending
                0x0000000000004bc8       0x1c ../../../../lib/ksdk_platform_lib/armgcc/KL03Z4/release/libksdk_platform.a(fsl_rtc_driver.c.obj)
                0x0000000000004bc8                RTC_DRV_IsAlarmPending
 .text.CLOCK_HAL_SetOutDiv
                0x0000000000004be4       0x1c ../../../../lib/ksdk_platform_lib/armgcc/KL03Z4/release/libksdk_platform.a(fsl_sim_hal_MKL03Z4.c.obj)
                0x0000000000004be4                CLOCK_HAL_SetOutDiv
 .text.SPI_DRV_IRQHandler
                0x0000000000004c00       0x28 ../../../../lib/ksdk_platform_lib/armgcc/KL03Z4/release/libksdk_platform.a(fsl_spi_shared_function.c.obj)
                0x0000000000004c00                SPI_DRV_IRQHandler
 .text.SPI_DRV_MasterCompleteTransfer
                0x0000000000004c28       0x3c ../../../../lib/ksdk_platform_lib/armgcc/KL03Z4/release/libksdk_platform.a(fsl_spi_master_driver.c.obj)
 .text.SPI_DRV_MasterInit
                0x0000000000004c64       0x88 ../../../../lib/ksdk_platform_lib/armgcc/KL03Z4/release/libksdk_platform.a(fsl_spi_master_driver.c.obj)
                0x0000000000004c64                SPI_DRV_MasterInit
 .text.SPI_DRV_MasterDeinit
                0x0000000000004cec       0x48 ../../../../lib/ksdk_platform_lib/armgcc/KL03Z4/release/libksdk_platform.a(fsl_spi_master_driver.c.obj)
                0x0000000000004cec                SPI_DRV_MasterDeinit
 .text.SPI_DRV_MasterConfigureBus
                0x0000000000004d34       0x34 ../../../../lib/ksdk_platform_lib/armgcc/KL03Z4/release/libksdk_platform.a(fsl_spi_master_driver.c.obj)
                0x0000000000004d34                SPI_DRV_MasterConfigureBus
 .text.SPI_DRV_MasterStartTransfer
                0x0000000000004d68       0x84 ../../../../lib/ksdk_platform_lib/armgcc/KL03Z4/release/libksdk_platform.a(fsl_spi_master_driver.c.obj)
 .text.SPI_DRV_MasterTransferBlocking
                0x0000000000004dec       0x58 ../../../../lib/ksdk_platform_lib/armgcc/KL03Z4/release/libksdk_platform.a(fsl_spi_master_driver.c.obj)
                0x0000000000004dec                SPI_DRV_MasterTransferBlocking
 .text.SPI_DRV_MasterIRQHandler
                0x0000000000004e44       0x84 ../../../../lib/ksdk_platform_lib/armgcc/KL03Z4/release/libksdk_platform.a(fsl_spi_master_driver.c.obj)
                0x0000000000004e44                SPI_DRV_MasterIRQHandler
 .text.SPI_DRV_SlaveCompleteTransfer
                0x0000000000004ec8       0x4c ../../../../lib/ksdk_platform_lib/armgcc/KL03Z4/release/libksdk_platform.a(fsl_spi_slave_driver.c.obj)
 .text.SPI_DRV_SlaveIRQHandler
                0x0000000000004f14       0xa0 ../../../../lib/ksdk_platform_lib/armgcc/KL03Z4/release/libksdk_platform.a(fsl_spi_slave_driver.c.obj)
                0x0000000000004f14                SPI_DRV_SlaveIRQHandler
 .text.SMC_HAL_GetProtectionMode
                0x0000000000004fb4       0x20 ../../../../lib/ksdk_platform_lib/armgcc/KL03Z4/release/libksdk_platform.a(fsl_smc_hal.c.obj)
                0x0000000000004fb4                SMC_HAL_GetProtectionMode
 .text.SMC_HAL_SetRunMode
                0x0000000000004fd4       0x14 ../../../../lib/ksdk_platform_lib/armgcc/KL03Z4/release/libksdk_platform.a(fsl_smc_hal.c.obj)
                0x0000000000004fd4                SMC_HAL_SetRunMode
 .text.SMC_HAL_SetPorMode
                0x0000000000004fe8       0x10 ../../../../lib/ksdk_platform_lib/armgcc/KL03Z4/release/libksdk_platform.a(fsl_smc_hal.c.obj)
                0x0000000000004fe8                SMC_HAL_SetPorMode
 .text.SMC_HAL_SetPstopMode
                0x0000000000004ff8       0x14 ../../../../lib/ksdk_platform_lib/armgcc/KL03Z4/release/libksdk_platform.a(fsl_smc_hal.c.obj)
                0x0000000000004ff8                SMC_HAL_SetPstopMode
 .text.SMC_HAL_SetLpoMode
                0x000000000000500c       0x10 ../../../../lib/ksdk_platform_lib/armgcc/KL03Z4/release/libksdk_platform.a(fsl_smc_hal.c.obj)
                0x000000000000500c                SMC_HAL_SetLpoMode
 .text.SMC_HAL_SetMode
                0x000000000000501c       0xf4 ../../../../lib/ksdk_platform_lib/armgcc/KL03Z4/release/libksdk_platform.a(fsl_smc_hal.c.obj)
                0x000000000000501c                SMC_HAL_SetMode
 .text.SMC_HAL_GetStat
                0x0000000000005110       0x10 ../../../../lib/ksdk_platform_lib/armgcc/KL03Z4/release/libksdk_platform.a(fsl_smc_hal.c.obj)
                0x0000000000005110                SMC_HAL_GetStat
 .text.GPIO_HAL_SetPinDir
                0x0000000000005120       0x20 ../../../../lib/ksdk_platform_lib/armgcc/KL03Z4/release/libksdk_platform.a(fsl_gpio_hal.c.obj)
                0x0000000000005120                GPIO_HAL_SetPinDir
 .text.GPIO_HAL_WritePinOutput
                0x0000000000005140       0x10 ../../../../lib/ksdk_platform_lib/armgcc/KL03Z4/release/libksdk_platform.a(fsl_gpio_hal.c.obj)
                0x0000000000005140                GPIO_HAL_WritePinOutput
 .text.I2C_HAL_Init
                0x0000000000005150       0x1c ../../../../lib/ksdk_platform_lib/armgcc/KL03Z4/release/libksdk_platform.a(fsl_i2c_hal.c.obj)
                0x0000000000005150                I2C_HAL_Init
 .text.I2C_HAL_SetBaudRate
                0x000000000000516c       0x84 ../../../../lib/ksdk_platform_lib/armgcc/KL03Z4/release/libksdk_platform.a(fsl_i2c_hal.c.obj)
                0x000000000000516c                I2C_HAL_SetBaudRate
 .text.I2C_HAL_SendStart
                0x00000000000051f0       0x24 ../../../../lib/ksdk_platform_lib/armgcc/KL03Z4/release/libksdk_platform.a(fsl_i2c_hal.c.obj)
                0x00000000000051f0                I2C_HAL_SendStart
 .text.I2C_HAL_SendStop
                0x0000000000005214       0x3a ../../../../lib/ksdk_platform_lib/armgcc/KL03Z4/release/libksdk_platform.a(fsl_i2c_hal.c.obj)
                0x0000000000005214                I2C_HAL_SendStop
 .text.SPI_HAL_Init
                0x000000000000524e        0xe ../../../../lib/ksdk_platform_lib/armgcc/KL03Z4/release/libksdk_platform.a(fsl_spi_hal.c.obj)
                0x000000000000524e                SPI_HAL_Init
 .text.SPI_HAL_SetBaud
                0x000000000000525c       0x72 ../../../../lib/ksdk_platform_lib/armgcc/KL03Z4/release/libksdk_platform.a(fsl_spi_hal.c.obj)
                0x000000000000525c                SPI_HAL_SetBaud
 .text.SPI_HAL_SetSlaveSelectOutputMode
                0x00000000000052ce       0x26 ../../../../lib/ksdk_platform_lib/armgcc/KL03Z4/release/libksdk_platform.a(fsl_spi_hal.c.obj)
                0x00000000000052ce                SPI_HAL_SetSlaveSelectOutputMode
 .text.SPI_HAL_SetDataFormat
                0x00000000000052f4       0x26 ../../../../lib/ksdk_platform_lib/armgcc/KL03Z4/release/libksdk_platform.a(fsl_spi_hal.c.obj)
                0x00000000000052f4                SPI_HAL_SetDataFormat
 .text.SPI_HAL_SetPinMode
                0x000000000000531a       0x20 ../../../../lib/ksdk_platform_lib/armgcc/KL03Z4/release/libksdk_platform.a(fsl_spi_hal.c.obj)
                0x000000000000531a                SPI_HAL_SetPinMode
 .text.atexit   0x000000000000533a       0x10 /usr/lib/gcc/arm-none-eabi/4.9.3/../../../arm-none-eabi/lib/armv6-m/libc_nano.a(lib_a-atexit.o)
                0x000000000000533a                atexit
 *fill*         0x000000000000534a        0x2 
 .text.__errno  0x000000000000534c        0xc /usr/lib/gcc/arm-none-eabi/4.9.3/../../../arm-none-eabi/lib/armv6-m/libc_nano.a(lib_a-errno.o)
                0x000000000000534c                __errno
 .text.exit     0x0000000000005358       0x2c /usr/lib/gcc/arm-none-eabi/4.9.3/../../../arm-none-eabi/lib/armv6-m/libc_nano.a(lib_a-exit.o)
                0x0000000000005358                exit
 .text.__libc_fini_array
                0x0000000000005384       0x28 /usr/lib/gcc/arm-none-eabi/4.9.3/../../../arm-none-eabi/lib/armv6-m/libc_nano.a(lib_a-fini.o)
                0x0000000000005384                __libc_fini_array
 .text.__libc_init_array
                0x00000000000053ac       0x4c /usr/lib/gcc/arm-none-eabi/4.9.3/../../../arm-none-eabi/lib/armv6-m/libc_nano.a(lib_a-init.o)
                0x00000000000053ac                __libc_init_array
 .text.malloc   0x00000000000053f8       0x14 /usr/lib/gcc/arm-none-eabi/4.9.3/../../../arm-none-eabi/lib/armv6-m/libc_nano.a(lib_a-malloc.o)
                0x00000000000053f8                malloc
 .text.free     0x000000000000540c       0x14 /usr/lib/gcc/arm-none-eabi/4.9.3/../../../arm-none-eabi/lib/armv6-m/libc_nano.a(lib_a-malloc.o)
                0x000000000000540c                free
 .text.memcpy   0x0000000000005420       0x12 /usr/lib/gcc/arm-none-eabi/4.9.3/../../../arm-none-eabi/lib/armv6-m/libc_nano.a(lib_a-memcpy.o)
                0x0000000000005420                memcpy
 .text.memset   0x0000000000005432       0x10 /usr/lib/gcc/arm-none-eabi/4.9.3/../../../arm-none-eabi/lib/armv6-m/libc_nano.a(lib_a-memset.o)
                0x0000000000005432                memset
 *fill*         0x0000000000005442        0x2 
 .text._free_r  0x0000000000005444       0x8c /usr/lib/gcc/arm-none-eabi/4.9.3/../../../arm-none-eabi/lib/armv6-m/libc_nano.a(lib_a-nano-freer.o)
                0x0000000000005444                _free_r
 .text._malloc_r
                0x00000000000054d0       0xb0 /usr/lib/gcc/arm-none-eabi/4.9.3/../../../arm-none-eabi/lib/armv6-m/libc_nano.a(lib_a-nano-mallocr.o)
                0x00000000000054d0                _malloc_r
 .text._sbrk_r  0x0000000000005580       0x24 /usr/lib/gcc/arm-none-eabi/4.9.3/../../../arm-none-eabi/lib/armv6-m/libc_nano.a(lib_a-sbrkr.o)
                0x0000000000005580                _sbrk_r
 .text.strcpy   0x00000000000055a4       0x10 /usr/lib/gcc/arm-none-eabi/4.9.3/../../../arm-none-eabi/lib/armv6-m/libc_nano.a(lib_a-strcpy.o)
                0x00000000000055a4                strcpy
 .text.strlen   0x00000000000055b4        0xe /usr/lib/gcc/arm-none-eabi/4.9.3/../../../arm-none-eabi/lib/armv6-m/libc_nano.a(lib_a-strlen.o)
                0x00000000000055b4                strlen
 *fill*         0x00000000000055c2        0x2 
 .text.__register_exitproc
                0x00000000000055c4       0xb8 /usr/lib/gcc/arm-none-eabi/4.9.3/../../../arm-none-eabi/lib/armv6-m/libc_nano.a(lib_a-__atexit.o)
                0x00000000000055c4                __register_exitproc
 .text.__call_exitprocs
                0x000000000000567c       0xe8 /usr/lib/gcc/arm-none-eabi/4.9.3/../../../arm-none-eabi/lib/armv6-m/libc_nano.a(lib_a-__call_atexit.o)
                0x000000000000567c                __call_exitprocs
 .text._exit    0x0000000000005764        0x4 /usr/lib/gcc/arm-none-eabi/4.9.3/../../../arm-none-eabi/lib/armv6-m/libnosys.a(_exit.o)
                0x0000000000005764                _exit
 *(.rodata)
 .rodata        0x0000000000005768        0x2 CMakeFiles/Warp.dir/home/cht46/Warp-firmware/build/ksdk1.1/work/demos/Warp/src/devHDC1000.c.obj
 .rodata        0x000000000000576a        0x2 CMakeFiles/Warp.dir/home/cht46/Warp-firmware/build/ksdk1.1/work/demos/Warp/src/devSI7021.c.obj
 .rodata        0x000000000000576c        0x6 CMakeFiles/Warp.dir/home/cht46/Warp-firmware/build/ksdk1.1/work/demos/Warp/src/devAS7262.c.obj
 .rodata        0x0000000000005772        0x6 CMakeFiles/Warp.dir/home/cht46/Warp-firmware/build/ksdk1.1/work/demos/Warp/src/devAS7263.c.obj
 *(.rodata*)
 .rodata.str1.1
                0x0000000000005778     0x1261 CMakeFiles/Warp.dir/home/cht46/Warp-firmware/build/ksdk1.1/work/demos/Warp/src/warp-kl03-ksdk1.1-boot.c.obj
 .rodata.str1.1
                0x00000000000069d9       0x14 CMakeFiles/Warp.dir/home/cht46/Warp-firmware/build/ksdk1.1/work/demos/Warp/src/SEGGER_RTT.c.obj
 .rodata._aV2C.4345
                0x00000000000069ed       0x10 CMakeFiles/Warp.dir/home/cht46/Warp-firmware/build/ksdk1.1/work/demos/Warp/src/SEGGER_RTT_printf.c.obj
 .rodata.portGateTable
                0x00000000000069fd        0x2 ../../../../lib/ksdk_platform_lib/armgcc/KL03Z4/release/libksdk_platform.a(fsl_clock_MKL03Z4.c.obj)
 .rodata.tpmGateTable
                0x00000000000069ff        0x2 ../../../../lib/ksdk_platform_lib/armgcc/KL03Z4/release/libksdk_platform.a(fsl_clock_MKL03Z4.c.obj)
 .rodata.g_i2cIrqId
                0x0000000000006a01        0x1 ../../../../lib/ksdk_platform_lib/armgcc/KL03Z4/release/libksdk_platform.a(fsl_i2c_common.c.obj)
                0x0000000000006a01                g_i2cIrqId
 *fill*         0x0000000000006a02        0x2 
 .rodata.g_i2cBaseAddr
                0x0000000000006a04        0x4 ../../../../lib/ksdk_platform_lib/armgcc/KL03Z4/release/libksdk_platform.a(fsl_i2c_common.c.obj)
                0x0000000000006a04                g_i2cBaseAddr
 .rodata.MONTH_DAYS
                0x0000000000006a08       0x1a ../../../../lib/ksdk_platform_lib/armgcc/KL03Z4/release/libksdk_platform.a(fsl_rtc_hal.c.obj)
 .rodata.LY     0x0000000000006a22        0xd ../../../../lib/ksdk_platform_lib/armgcc/KL03Z4/release/libksdk_platform.a(fsl_rtc_hal.c.obj)
 .rodata.ULY    0x0000000000006a2f        0xd ../../../../lib/ksdk_platform_lib/armgcc/KL03Z4/release/libksdk_platform.a(fsl_rtc_hal.c.obj)
 .rodata.g_rtcSecondsIrqId
                0x0000000000006a3c        0x1 ../../../../lib/ksdk_platform_lib/armgcc/KL03Z4/release/libksdk_platform.a(fsl_rtc_common.c.obj)
                0x0000000000006a3c                g_rtcSecondsIrqId
 .rodata.g_rtcIrqId
                0x0000000000006a3d        0x1 ../../../../lib/ksdk_platform_lib/armgcc/KL03Z4/release/libksdk_platform.a(fsl_rtc_common.c.obj)
                0x0000000000006a3d                g_rtcIrqId
 *fill*         0x0000000000006a3e        0x2 
 .rodata.g_rtcBaseAddr
                0x0000000000006a40        0x4 ../../../../lib/ksdk_platform_lib/armgcc/KL03Z4/release/libksdk_platform.a(fsl_rtc_common.c.obj)
                0x0000000000006a40                g_rtcBaseAddr
 .rodata.g_spiIrqId
                0x0000000000006a44        0x1 ../../../../lib/ksdk_platform_lib/armgcc/KL03Z4/release/libksdk_platform.a(fsl_spi_common.c.obj)
                0x0000000000006a44                g_spiIrqId
 *fill*         0x0000000000006a45        0x3 
 .rodata.g_spiBaseAddr
                0x0000000000006a48        0x4 ../../../../lib/ksdk_platform_lib/armgcc/KL03Z4/release/libksdk_platform.a(fsl_spi_common.c.obj)
                0x0000000000006a48                g_spiBaseAddr
 .rodata.g_oscBaseAddr
                0x0000000000006a4c        0x4 ../../../../lib/ksdk_platform_lib/armgcc/KL03Z4/release/libksdk_platform.a(fsl_clock_manager_common.c.obj)
                0x0000000000006a4c                g_oscBaseAddr
 .rodata.g_portBaseAddr
                0x0000000000006a50        0x8 ../../../../lib/ksdk_platform_lib/armgcc/KL03Z4/release/libksdk_platform.a(fsl_gpio_common.c.obj)
                0x0000000000006a50                g_portBaseAddr
 .rodata.g_gpioBaseAddr
                0x0000000000006a58        0x8 ../../../../lib/ksdk_platform_lib/armgcc/KL03Z4/release/libksdk_platform.a(fsl_gpio_common.c.obj)
                0x0000000000006a58                g_gpioBaseAddr
 .rodata.g_portIrqId
                0x0000000000006a60        0x2 ../../../../lib/ksdk_platform_lib/armgcc/KL03Z4/release/libksdk_platform.a(fsl_gpio_common.c.obj)
                0x0000000000006a60                g_portIrqId
 .rodata.kI2CDividerTable
                0x0000000000006a62       0xc8 ../../../../lib/ksdk_platform_lib/armgcc/KL03Z4/release/libksdk_platform.a(fsl_i2c_hal.c.obj)
                0x0000000000006a62                kI2CDividerTable
 .rodata.str1.1
                0x0000000000006b2a        0x2 /usr/lib/gcc/arm-none-eabi/4.9.3/../../../arm-none-eabi/lib/armv6-m/libc_nano.a(lib_a-impure.o)
 .rodata._global_impure_ptr
                0x0000000000006b2c        0x4 /usr/lib/gcc/arm-none-eabi/4.9.3/../../../arm-none-eabi/lib/armv6-m/libc_nano.a(lib_a-impure.o)
                0x0000000000006b2c                _global_impure_ptr
 *(.glue_7)
 .glue_7        0x0000000000006b30        0x0 linker stubs
 *(.glue_7t)
 .glue_7t       0x0000000000006b30        0x0 linker stubs
 *(.eh_frame)
 .eh_frame      0x0000000000006b30        0x0 /usr/lib/gcc/arm-none-eabi/4.9.3/armv6-m/crtbegin.o
 *(.init)
 .init          0x0000000000006b30        0x4 /usr/lib/gcc/arm-none-eabi/4.9.3/armv6-m/crti.o
                0x0000000000006b30                _init
 .init          0x0000000000006b34        0x8 /usr/lib/gcc/arm-none-eabi/4.9.3/armv6-m/crtn.o
 *(.fini)
 .fini          0x0000000000006b3c        0x4 /usr/lib/gcc/arm-none-eabi/4.9.3/armv6-m/crti.o
                0x0000000000006b3c                _fini
 .fini          0x0000000000006b40        0x8 /usr/lib/gcc/arm-none-eabi/4.9.3/armv6-m/crtn.o
                0x0000000000006b48                . = ALIGN (0x4)

.vfp11_veneer   0x0000000000006b48        0x0
 .vfp11_veneer  0x0000000000006b48        0x0 linker stubs

.v4_bx          0x0000000000006b48        0x0
 .v4_bx         0x0000000000006b48        0x0 linker stubs

.iplt           0x0000000000006b48        0x0
 .iplt          0x0000000000006b48        0x0 /usr/lib/gcc/arm-none-eabi/4.9.3/armv6-m/crtbegin.o

.ARM.extab
 *(.ARM.extab* .gnu.linkonce.armextab.*)

.ARM            0x0000000000006b48        0x8
                0x0000000000006b48                __exidx_start = .
 *(.ARM.exidx*)
 .ARM.exidx     0x0000000000006b48        0x8 /usr/lib/gcc/arm-none-eabi/4.9.3/../../../arm-none-eabi/lib/armv6-m/crt0.o
                0x0000000000006b50                __exidx_end = .

.rel.dyn        0x0000000000006b50        0x0
 .rel.iplt      0x0000000000006b50        0x0 /usr/lib/gcc/arm-none-eabi/4.9.3/armv6-m/crtbegin.o

.ctors          0x0000000000006b50        0x0
                0x0000000000006b50                __CTOR_LIST__ = .
 *crtbegin.o(.ctors)
 *crtbegin?.o(.ctors)
 *(EXCLUDE_FILE(*crtend.o *crtend?.o) .ctors)
 *(SORT(.ctors.*))
 *(.ctors)
                0x0000000000006b50                __CTOR_END__ = .

.dtors          0x0000000000006b50        0x0
                0x0000000000006b50                __DTOR_LIST__ = .
 *crtbegin.o(.dtors)
 *crtbegin?.o(.dtors)
 *(EXCLUDE_FILE(*crtend.o *crtend?.o) .dtors)
 *(SORT(.dtors.*))
 *(.dtors)
                0x0000000000006b50                __DTOR_END__ = .

.preinit_array  0x0000000000006b50        0x0
                0x0000000000006b50                PROVIDE (__preinit_array_start, .)
 *(.preinit_array*)
                0x0000000000006b50                PROVIDE (__preinit_array_end, .)

.init_array     0x0000000000006b50        0x4
                0x0000000000006b50                PROVIDE (__init_array_start, .)
 *(SORT(.init_array.*))
 *(.init_array*)
 .init_array    0x0000000000006b50        0x4 /usr/lib/gcc/arm-none-eabi/4.9.3/armv6-m/crtbegin.o
                0x0000000000006b54                PROVIDE (__init_array_end, .)

.fini_array     0x0000000000006b54        0x4
                0x0000000000006b54                PROVIDE (__fini_array_start, .)
 *(SORT(.fini_array.*))
 *(.fini_array*)
 .fini_array    0x0000000000006b54        0x4 /usr/lib/gcc/arm-none-eabi/4.9.3/armv6-m/crtbegin.o
                0x0000000000006b58                PROVIDE (__fini_array_end, .)
                0x0000000000006b58                __etext = .
                0x0000000000006b58                __DATA_ROM = .

.mtb            0x000000001ffffe00        0x0
                0x000000001ffffe00                . = ALIGN (0x8)
                0x000000001ffffe00                _mtb_start = .
 *(.mtb_buf)
                0x000000001ffffe00                . = ALIGN (0x8)
                0x000000001ffffe00                _mtb_end = .

.interrupts_ram
                0x000000001ffffe00        0x0
                0x000000001ffffe00                . = ALIGN (0x4)
                0x000000001ffffe00                __VECTOR_RAM__ = .
                0x000000001ffffe00                __interrupts_ram_start__ = .
 *(.m_interrupts_ram)
                0x000000001ffffe00                . = (. + M_VECTOR_RAM_SIZE)
                0x000000001ffffe00                . = ALIGN (0x4)
                0x000000001ffffe00                __interrupts_ram_end__ = .
                0x0000000000000000                __VECTOR_RAM = DEFINED (__ram_vector_table__)?__VECTOR_RAM__:ORIGIN (m_interrupts)
                0x0000000000000000                __RAM_VECTOR_TABLE_SIZE_BYTES = DEFINED (__ram_vector_table__)?(__interrupts_ram_end__ - __interrupts_ram_start__):0x0

.data           0x000000001ffffe00      0x1a0 load address 0x0000000000006b58
                0x000000001ffffe00                . = ALIGN (0x4)
                0x000000001ffffe00                __DATA_RAM = .
                0x000000001ffffe00                __data_start__ = .
 *(.data)
 *(.data*)
 .data.clockManagerCallbackUserlevelStructure
                0x000000001ffffe00        0xc CMakeFiles/Warp.dir/home/cht46/Warp-firmware/build/ksdk1.1/work/demos/Warp/src/warp-kl03-ksdk1.1-boot.c.obj
                0x000000001ffffe00                clockManagerCallbackUserlevelStructure
 .data.gWarpI2cBaudRateKbps
                0x000000001ffffe0c        0x4 CMakeFiles/Warp.dir/home/cht46/Warp-firmware/build/ksdk1.1/work/demos/Warp/src/warp-kl03-ksdk1.1-boot.c.obj
                0x000000001ffffe0c                gWarpI2cBaudRateKbps
 .data.clockCallbackTable
                0x000000001ffffe10        0x4 CMakeFiles/Warp.dir/home/cht46/Warp-firmware/build/ksdk1.1/work/demos/Warp/src/warp-kl03-ksdk1.1-boot.c.obj
 .data.gWarpMode
                0x000000001ffffe14        0x1 CMakeFiles/Warp.dir/home/cht46/Warp-firmware/build/ksdk1.1/work/demos/Warp/src/warp-kl03-ksdk1.1-boot.c.obj
                0x000000001ffffe14                gWarpMode
 *fill*         0x000000001ffffe15        0x3 
 .data.gWarpUartBaudRateKbps
                0x000000001ffffe18        0x4 CMakeFiles/Warp.dir/home/cht46/Warp-firmware/build/ksdk1.1/work/demos/Warp/src/warp-kl03-ksdk1.1-boot.c.obj
                0x000000001ffffe18                gWarpUartBaudRateKbps
 .data.gWarpSpiBaudRateKbps
                0x000000001ffffe1c        0x4 CMakeFiles/Warp.dir/home/cht46/Warp-firmware/build/ksdk1.1/work/demos/Warp/src/warp-kl03-ksdk1.1-boot.c.obj
                0x000000001ffffe1c                gWarpSpiBaudRateKbps
 .data.inputPins
                0x000000001ffffe20       0x10 CMakeFiles/Warp.dir/home/cht46/Warp-firmware/build/ksdk1.1/work/boards/Warp/gpio_pins.c.obj
                0x000000001ffffe20                inputPins
 .data.outputPins
                0x000000001ffffe30       0xf0 CMakeFiles/Warp.dir/home/cht46/Warp-firmware/build/ksdk1.1/work/boards/Warp/gpio_pins.c.obj
                0x000000001ffffe30                outputPins
 .data.g_defaultClockConfigurations
                0x000000001fffff20       0x18 ../../../../lib/ksdk_platform_lib/armgcc/KL03Z4/release/libksdk_platform.a(fsl_clock_MKL03Z4.c.obj)
                0x000000001fffff20                g_defaultClockConfigurations
 .data.impure_data
                0x000000001fffff38       0x60 /usr/lib/gcc/arm-none-eabi/4.9.3/../../../arm-none-eabi/lib/armv6-m/libc_nano.a(lib_a-impure.o)
 .data._impure_ptr
                0x000000001fffff98        0x4 /usr/lib/gcc/arm-none-eabi/4.9.3/../../../arm-none-eabi/lib/armv6-m/libc_nano.a(lib_a-impure.o)
                0x000000001fffff98                _impure_ptr
 *(.jcr*)
 .jcr           0x000000001fffff9c        0x0 /usr/lib/gcc/arm-none-eabi/4.9.3/armv6-m/crtbegin.o
 .jcr           0x000000001fffff9c        0x4 /usr/lib/gcc/arm-none-eabi/4.9.3/armv6-m/crtend.o
                0x000000001fffffa0                . = ALIGN (0x4)
                0x000000001fffffa0                __data_end__ = .
                0x0000000000006cf8                __DATA_END = (__DATA_ROM + (__data_end__ - __data_start__))

.tm_clone_table
                0x000000001fffffa0        0x0 load address 0x0000000000006cf8
 .tm_clone_table
                0x000000001fffffa0        0x0 /usr/lib/gcc/arm-none-eabi/4.9.3/armv6-m/crtbegin.o
 .tm_clone_table
                0x000000001fffffa0        0x0 /usr/lib/gcc/arm-none-eabi/4.9.3/armv6-m/crtend.o

.igot.plt       0x000000001fffffa0        0x0 load address 0x0000000000006cf8
 .igot.plt      0x000000001fffffa0        0x0 /usr/lib/gcc/arm-none-eabi/4.9.3/armv6-m/crtbegin.o

.bss            0x000000001fffffa0      0x40c load address 0x0000000000006cf8
                0x000000001fffffa0                . = ALIGN (0x4)
                0x000000001fffffa0                __START_BSS = .
                0x000000001fffffa0                __bss_start__ = .
 *(.bss)
 .bss           0x000000001fffffa0       0x1c /usr/lib/gcc/arm-none-eabi/4.9.3/armv6-m/crtbegin.o
 *(.bss*)
 .bss.heap_end.5228
                0x000000001fffffbc        0x4 CMakeFiles/Warp.dir/home/cht46/Warp-firmware/build/ksdk1.1/work/platform/utilities/src/fsl_misc_utilities.c.obj
 .bss.deviceAMG8834State
                0x000000001fffffc0        0xc CMakeFiles/Warp.dir/home/cht46/Warp-firmware/build/ksdk1.1/work/demos/Warp/src/warp-kl03-ksdk1.1-boot.c.obj
                0x000000001fffffc0                deviceAMG8834State
 .bss.deviceSI4705State
                0x000000001fffffcc        0xc CMakeFiles/Warp.dir/home/cht46/Warp-firmware/build/ksdk1.1/work/demos/Warp/src/warp-kl03-ksdk1.1-boot.c.obj
                0x000000001fffffcc                deviceSI4705State
 .bss.deviceSI7021State
                0x000000001fffffd8        0xc CMakeFiles/Warp.dir/home/cht46/Warp-firmware/build/ksdk1.1/work/demos/Warp/src/warp-kl03-ksdk1.1-boot.c.obj
                0x000000001fffffd8                deviceSI7021State
 .bss.deviceBMX055accelState
                0x000000001fffffe4        0xc CMakeFiles/Warp.dir/home/cht46/Warp-firmware/build/ksdk1.1/work/demos/Warp/src/warp-kl03-ksdk1.1-boot.c.obj
                0x000000001fffffe4                deviceBMX055accelState
 .bss.i2cMasterState
                0x000000001ffffff0       0x24 CMakeFiles/Warp.dir/home/cht46/Warp-firmware/build/ksdk1.1/work/demos/Warp/src/warp-kl03-ksdk1.1-boot.c.obj
                0x000000001ffffff0                i2cMasterState
 .bss.deviceBME680State
                0x0000000020000014        0xc CMakeFiles/Warp.dir/home/cht46/Warp-firmware/build/ksdk1.1/work/demos/Warp/src/warp-kl03-ksdk1.1-boot.c.obj
                0x0000000020000014                deviceBME680State
 .bss.gWarpSleeptimeSeconds
                0x0000000020000020        0x4 CMakeFiles/Warp.dir/home/cht46/Warp-firmware/build/ksdk1.1/work/demos/Warp/src/warp-kl03-ksdk1.1-boot.c.obj
                0x0000000020000020                gWarpSleeptimeSeconds
 .bss.deviceBMX055magState
                0x0000000020000024        0xc CMakeFiles/Warp.dir/home/cht46/Warp-firmware/build/ksdk1.1/work/demos/Warp/src/warp-kl03-ksdk1.1-boot.c.obj
                0x0000000020000024                deviceBMX055magState
 .bss.deviceAS7262State
                0x0000000020000030        0xc CMakeFiles/Warp.dir/home/cht46/Warp-firmware/build/ksdk1.1/work/demos/Warp/src/warp-kl03-ksdk1.1-boot.c.obj
                0x0000000020000030                deviceAS7262State
 .bss.deviceLPS25HState
                0x000000002000003c        0xc CMakeFiles/Warp.dir/home/cht46/Warp-firmware/build/ksdk1.1/work/demos/Warp/src/warp-kl03-ksdk1.1-boot.c.obj
                0x000000002000003c                deviceLPS25HState
 .bss.deviceCCS811State
                0x0000000020000048        0xc CMakeFiles/Warp.dir/home/cht46/Warp-firmware/build/ksdk1.1/work/demos/Warp/src/warp-kl03-ksdk1.1-boot.c.obj
                0x0000000020000048                deviceCCS811State
 .bss.deviceMMA8451QState
                0x0000000020000054        0xc CMakeFiles/Warp.dir/home/cht46/Warp-firmware/build/ksdk1.1/work/demos/Warp/src/warp-kl03-ksdk1.1-boot.c.obj
                0x0000000020000054                deviceMMA8451QState
 .bss.deviceBMX055gyroState
                0x0000000020000060        0xc CMakeFiles/Warp.dir/home/cht46/Warp-firmware/build/ksdk1.1/work/demos/Warp/src/warp-kl03-ksdk1.1-boot.c.obj
                0x0000000020000060                deviceBMX055gyroState
 .bss.deviceTCS34725State
                0x000000002000006c        0xc CMakeFiles/Warp.dir/home/cht46/Warp-firmware/build/ksdk1.1/work/demos/Warp/src/warp-kl03-ksdk1.1-boot.c.obj
                0x000000002000006c                deviceTCS34725State
 .bss.spiUserConfig
                0x0000000020000078        0x8 CMakeFiles/Warp.dir/home/cht46/Warp-firmware/build/ksdk1.1/work/demos/Warp/src/warp-kl03-ksdk1.1-boot.c.obj
                0x0000000020000078                spiUserConfig
 .bss.deviceL3GD20HState
                0x0000000020000080        0xc CMakeFiles/Warp.dir/home/cht46/Warp-firmware/build/ksdk1.1/work/demos/Warp/src/warp-kl03-ksdk1.1-boot.c.obj
                0x0000000020000080                deviceL3GD20HState
 .bss.deviceMAG3110State
                0x000000002000008c        0xc CMakeFiles/Warp.dir/home/cht46/Warp-firmware/build/ksdk1.1/work/demos/Warp/src/warp-kl03-ksdk1.1-boot.c.obj
                0x000000002000008c                deviceMAG3110State
 .bss.spiMasterState
                0x0000000020000098       0x30 CMakeFiles/Warp.dir/home/cht46/Warp-firmware/build/ksdk1.1/work/demos/Warp/src/warp-kl03-ksdk1.1-boot.c.obj
                0x0000000020000098                spiMasterState
 .bss.deviceHDC1000State
                0x00000000200000c8        0xc CMakeFiles/Warp.dir/home/cht46/Warp-firmware/build/ksdk1.1/work/demos/Warp/src/warp-kl03-ksdk1.1-boot.c.obj
                0x00000000200000c8                deviceHDC1000State
 .bss.deviceAS7263State
                0x00000000200000d4        0xc CMakeFiles/Warp.dir/home/cht46/Warp-firmware/build/ksdk1.1/work/demos/Warp/src/warp-kl03-ksdk1.1-boot.c.obj
                0x00000000200000d4                deviceAS7263State
 .bss.deviceADXL362State
                0x00000000200000e0       0x10 CMakeFiles/Warp.dir/home/cht46/Warp-firmware/build/ksdk1.1/work/demos/Warp/src/warp-kl03-ksdk1.1-boot.c.obj
                0x00000000200000e0                deviceADXL362State
 .bss._acDownBuffer
                0x00000000200000f0       0x10 CMakeFiles/Warp.dir/home/cht46/Warp-firmware/build/ksdk1.1/work/demos/Warp/src/SEGGER_RTT.c.obj
 .bss._acUpBuffer
                0x0000000020000100      0x100 CMakeFiles/Warp.dir/home/cht46/Warp-firmware/build/ksdk1.1/work/demos/Warp/src/SEGGER_RTT.c.obj
 .bss._SEGGER_RTT
                0x0000000020000200       0x78 CMakeFiles/Warp.dir/home/cht46/Warp-firmware/build/ksdk1.1/work/demos/Warp/src/SEGGER_RTT.c.obj
                0x0000000020000200                _SEGGER_RTT
 .bss.g_taskListHead
                0x0000000020000278       0x10 ../../../../lib/ksdk_platform_lib/armgcc/KL03Z4/release/libksdk_platform.a(fsl_os_abstraction_bm.c.obj)
 .bss.g_freeTaskControlBlock
                0x0000000020000288        0x4 ../../../../lib/ksdk_platform_lib/armgcc/KL03Z4/release/libksdk_platform.a(fsl_os_abstraction_bm.c.obj)
 .bss.g_taskControlBlockPool
                0x000000002000028c       0x50 ../../../../lib/ksdk_platform_lib/armgcc/KL03Z4/release/libksdk_platform.a(fsl_os_abstraction_bm.c.obj)
 .bss.g_clockState
                0x00000000200002dc       0x10 ../../../../lib/ksdk_platform_lib/armgcc/KL03Z4/release/libksdk_platform.a(fsl_clock_manager.c.obj)
 .bss.g_interruptDisableCount
                0x00000000200002ec        0x4 ../../../../lib/ksdk_platform_lib/armgcc/KL03Z4/release/libksdk_platform.a(fsl_interrupt_manager.c.obj)
                0x00000000200002ec                g_interruptDisableCount
 .bss.gPowerManagerState
                0x00000000200002f0       0x10 ../../../../lib/ksdk_platform_lib/armgcc/KL03Z4/release/libksdk_platform.a(fsl_power_manager.c.obj)
 .bss.g_i2cStatePtr
                0x0000000020000300        0x4 ../../../../lib/ksdk_platform_lib/armgcc/KL03Z4/release/libksdk_platform.a(fsl_i2c_common.c.obj)
                0x0000000020000300                g_i2cStatePtr
 .bss.g_xtal0ClkFreq
                0x0000000020000304        0x4 ../../../../lib/ksdk_platform_lib/armgcc/KL03Z4/release/libksdk_platform.a(fsl_mcglite_hal.c.obj)
                0x0000000020000304                g_xtal0ClkFreq
 .bss.g_xtalRtcClkFreq
                0x0000000020000308        0x4 ../../../../lib/ksdk_platform_lib/armgcc/KL03Z4/release/libksdk_platform.a(fsl_mcglite_hal.c.obj)
                0x0000000020000308                g_xtalRtcClkFreq
 .bss.g_spiStatePtr
                0x000000002000030c        0x4 ../../../../lib/ksdk_platform_lib/armgcc/KL03Z4/release/libksdk_platform.a(fsl_spi_shared_function.c.obj)
                0x000000002000030c                g_spiStatePtr
 .bss.__malloc_sbrk_start
                0x0000000020000310        0x4 /usr/lib/gcc/arm-none-eabi/4.9.3/../../../arm-none-eabi/lib/armv6-m/libc_nano.a(lib_a-nano-mallocr.o)
                0x0000000020000310                __malloc_sbrk_start
 .bss.__malloc_free_list
                0x0000000020000314        0x4 /usr/lib/gcc/arm-none-eabi/4.9.3/../../../arm-none-eabi/lib/armv6-m/libc_nano.a(lib_a-nano-mallocr.o)
                0x0000000020000314                __malloc_free_list
 .bss._global_atexit0
                0x0000000020000318       0x8c /usr/lib/gcc/arm-none-eabi/4.9.3/../../../arm-none-eabi/lib/armv6-m/libc_nano.a(lib_a-__atexit.o)
 .bss._global_atexit
                0x00000000200003a4        0x4 /usr/lib/gcc/arm-none-eabi/4.9.3/../../../arm-none-eabi/lib/armv6-m/libc_nano.a(lib_a-__call_atexit.o)
                0x00000000200003a4                _global_atexit
 *(COMMON)
 COMMON         0x00000000200003a8        0x4 /usr/lib/gcc/arm-none-eabi/4.9.3/../../../arm-none-eabi/lib/armv6-m/libc_nano.a(lib_a-reent.o)
                0x00000000200003a8                errno
                0x00000000200003ac                . = ALIGN (0x4)
                0x00000000200003ac                __bss_end__ = .
                0x00000000200003ac                __END_BSS = .

.heap           0x00000000200003ac       0x54 load address 0x0000000000007104
                0x00000000200003b0                . = ALIGN (0x8)
 *fill*         0x00000000200003ac        0x4 
                0x00000000200003b0                __end__ = .
                0x00000000200003b0                PROVIDE (end, .)
                0x00000000200003b0                __HeapBase = .
                0x0000000020000400                . = (. + HEAP_SIZE)
 *fill*         0x00000000200003b0       0x50 
                0x0000000020000400                __HeapLimit = .

.stack          0x0000000020000400      0x200 load address 0x0000000000007158
                0x0000000020000400                . = ALIGN (0x8)
                0x0000000020000600                . = (. + STACK_SIZE)
 *fill*         0x0000000020000400      0x200 
                0x0000000020000600                __StackTop = (ORIGIN (m_data) + LENGTH (m_data))
                0x0000000020000400                __StackLimit = (__StackTop - STACK_SIZE)
                0x0000000020000600                PROVIDE (__stack, __StackTop)

.ARM.attributes
                0x0000000000000000       0x28
 *(.ARM.attributes)
 .ARM.attributes
                0x0000000000000000       0x1e /usr/lib/gcc/arm-none-eabi/4.9.3/armv6-m/crti.o
 .ARM.attributes
                0x000000000000001e       0x2c /usr/lib/gcc/arm-none-eabi/4.9.3/armv6-m/crtbegin.o
 .ARM.attributes
                0x000000000000004a       0x1b /usr/lib/gcc/arm-none-eabi/4.9.3/../../../arm-none-eabi/lib/armv6-m/crt0.o
 .ARM.attributes
                0x0000000000000065       0x32 CMakeFiles/Warp.dir/home/cht46/Warp-firmware/build/ksdk1.1/work/platform/utilities/src/fsl_misc_utilities.c.obj
 .ARM.attributes
                0x0000000000000097       0x1b CMakeFiles/Warp.dir/home/cht46/Warp-firmware/build/ksdk1.1/work/platform/startup/MKL03Z4/gcc/startup_MKL03Z4.S.obj
 .ARM.attributes
                0x00000000000000b2       0x32 CMakeFiles/Warp.dir/home/cht46/Warp-firmware/build/ksdk1.1/work/demos/Warp/src/warp-kl03-ksdk1.1-boot.c.obj
 .ARM.attributes
                0x00000000000000e4       0x32 CMakeFiles/Warp.dir/home/cht46/Warp-firmware/build/ksdk1.1/work/demos/Warp/src/warp-kl03-ksdk1.1-powermodes.c.obj
 .ARM.attributes
                0x0000000000000116       0x32 CMakeFiles/Warp.dir/home/cht46/Warp-firmware/build/ksdk1.1/work/demos/Warp/src/devBMX055.c.obj
 .ARM.attributes
                0x0000000000000148       0x32 CMakeFiles/Warp.dir/home/cht46/Warp-firmware/build/ksdk1.1/work/demos/Warp/src/devADXL362.c.obj
 .ARM.attributes
                0x000000000000017a       0x32 CMakeFiles/Warp.dir/home/cht46/Warp-firmware/build/ksdk1.1/work/demos/Warp/src/devMMA8451Q.c.obj
 .ARM.attributes
                0x00000000000001ac       0x32 CMakeFiles/Warp.dir/home/cht46/Warp-firmware/build/ksdk1.1/work/demos/Warp/src/devLPS25H.c.obj
 .ARM.attributes
                0x00000000000001de       0x32 CMakeFiles/Warp.dir/home/cht46/Warp-firmware/build/ksdk1.1/work/demos/Warp/src/devHDC1000.c.obj
 .ARM.attributes
                0x0000000000000210       0x32 CMakeFiles/Warp.dir/home/cht46/Warp-firmware/build/ksdk1.1/work/demos/Warp/src/devMAG3110.c.obj
 .ARM.attributes
                0x0000000000000242       0x32 CMakeFiles/Warp.dir/home/cht46/Warp-firmware/build/ksdk1.1/work/demos/Warp/src/devSI7021.c.obj
 .ARM.attributes
                0x0000000000000274       0x32 CMakeFiles/Warp.dir/home/cht46/Warp-firmware/build/ksdk1.1/work/demos/Warp/src/devL3GD20H.c.obj
 .ARM.attributes
                0x00000000000002a6       0x32 CMakeFiles/Warp.dir/home/cht46/Warp-firmware/build/ksdk1.1/work/demos/Warp/src/devBME680.c.obj
 .ARM.attributes
                0x00000000000002d8       0x32 CMakeFiles/Warp.dir/home/cht46/Warp-firmware/build/ksdk1.1/work/demos/Warp/src/devTCS34725.c.obj
 .ARM.attributes
                0x000000000000030a       0x32 CMakeFiles/Warp.dir/home/cht46/Warp-firmware/build/ksdk1.1/work/demos/Warp/src/devSI4705.c.obj
 .ARM.attributes
                0x000000000000033c       0x32 CMakeFiles/Warp.dir/home/cht46/Warp-firmware/build/ksdk1.1/work/demos/Warp/src/devCCS811.c.obj
 .ARM.attributes
                0x000000000000036e       0x32 CMakeFiles/Warp.dir/home/cht46/Warp-firmware/build/ksdk1.1/work/demos/Warp/src/devAMG8834.c.obj
 .ARM.attributes
                0x00000000000003a0       0x32 CMakeFiles/Warp.dir/home/cht46/Warp-firmware/build/ksdk1.1/work/demos/Warp/src/devAS7262.c.obj
 .ARM.attributes
                0x00000000000003d2       0x32 CMakeFiles/Warp.dir/home/cht46/Warp-firmware/build/ksdk1.1/work/demos/Warp/src/devAS7263.c.obj
 .ARM.attributes
                0x0000000000000404       0x32 CMakeFiles/Warp.dir/home/cht46/Warp-firmware/build/ksdk1.1/work/demos/Warp/src/SEGGER_RTT.c.obj
 .ARM.attributes
                0x0000000000000436       0x32 CMakeFiles/Warp.dir/home/cht46/Warp-firmware/build/ksdk1.1/work/demos/Warp/src/SEGGER_RTT_printf.c.obj
 .ARM.attributes
                0x0000000000000468       0x32 CMakeFiles/Warp.dir/home/cht46/Warp-firmware/build/ksdk1.1/work/platform/drivers/src/i2c/fsl_i2c_irq.c.obj
 .ARM.attributes
                0x000000000000049a       0x32 CMakeFiles/Warp.dir/home/cht46/Warp-firmware/build/ksdk1.1/work/platform/drivers/src/spi/fsl_spi_irq.c.obj
 .ARM.attributes
                0x00000000000004cc       0x32 CMakeFiles/Warp.dir/home/cht46/Warp-firmware/build/ksdk1.1/work/platform/startup/MKL03Z4/system_MKL03Z4.c.obj
 .ARM.attributes
                0x00000000000004fe       0x32 CMakeFiles/Warp.dir/home/cht46/Warp-firmware/build/ksdk1.1/work/platform/startup/startup.c.obj
 .ARM.attributes
                0x0000000000000530       0x32 CMakeFiles/Warp.dir/home/cht46/Warp-firmware/build/ksdk1.1/work/boards/Warp/gpio_pins.c.obj
 .ARM.attributes
                0x0000000000000562       0x32 ../../../../lib/ksdk_platform_lib/armgcc/KL03Z4/release/libksdk_platform.a(fsl_os_abstraction_bm.c.obj)
 .ARM.attributes
                0x0000000000000594       0x32 ../../../../lib/ksdk_platform_lib/armgcc/KL03Z4/release/libksdk_platform.a(fsl_clock_manager.c.obj)
 .ARM.attributes
                0x00000000000005c6       0x32 ../../../../lib/ksdk_platform_lib/armgcc/KL03Z4/release/libksdk_platform.a(fsl_clock_MKL03Z4.c.obj)
 .ARM.attributes
                0x00000000000005f8       0x32 ../../../../lib/ksdk_platform_lib/armgcc/KL03Z4/release/libksdk_platform.a(fsl_interrupt_manager.c.obj)
 .ARM.attributes
                0x000000000000062a       0x32 ../../../../lib/ksdk_platform_lib/armgcc/KL03Z4/release/libksdk_platform.a(fsl_power_manager.c.obj)
 .ARM.attributes
                0x000000000000065c       0x32 ../../../../lib/ksdk_platform_lib/armgcc/KL03Z4/release/libksdk_platform.a(fsl_gpio_driver.c.obj)
 .ARM.attributes
                0x000000000000068e       0x32 ../../../../lib/ksdk_platform_lib/armgcc/KL03Z4/release/libksdk_platform.a(fsl_i2c_shared_function.c.obj)
 .ARM.attributes
                0x00000000000006c0       0x32 ../../../../lib/ksdk_platform_lib/armgcc/KL03Z4/release/libksdk_platform.a(fsl_i2c_common.c.obj)
 .ARM.attributes
                0x00000000000006f2       0x32 ../../../../lib/ksdk_platform_lib/armgcc/KL03Z4/release/libksdk_platform.a(fsl_i2c_master_driver.c.obj)
 .ARM.attributes
                0x0000000000000724       0x32 ../../../../lib/ksdk_platform_lib/armgcc/KL03Z4/release/libksdk_platform.a(fsl_i2c_slave_driver.c.obj)
 .ARM.attributes
                0x0000000000000756       0x32 ../../../../lib/ksdk_platform_lib/armgcc/KL03Z4/release/libksdk_platform.a(fsl_mcglite_hal.c.obj)
 .ARM.attributes
                0x0000000000000788       0x32 ../../../../lib/ksdk_platform_lib/armgcc/KL03Z4/release/libksdk_platform.a(fsl_mcglite_hal_modes.c.obj)
 .ARM.attributes
                0x00000000000007ba       0x32 ../../../../lib/ksdk_platform_lib/armgcc/KL03Z4/release/libksdk_platform.a(fsl_osc_hal.c.obj)
 .ARM.attributes
                0x00000000000007ec       0x32 ../../../../lib/ksdk_platform_lib/armgcc/KL03Z4/release/libksdk_platform.a(fsl_rtc_hal.c.obj)
 .ARM.attributes
                0x000000000000081e       0x32 ../../../../lib/ksdk_platform_lib/armgcc/KL03Z4/release/libksdk_platform.a(fsl_rtc_driver.c.obj)
 .ARM.attributes
                0x0000000000000850       0x32 ../../../../lib/ksdk_platform_lib/armgcc/KL03Z4/release/libksdk_platform.a(fsl_rtc_common.c.obj)
 .ARM.attributes
                0x0000000000000882       0x32 ../../../../lib/ksdk_platform_lib/armgcc/KL03Z4/release/libksdk_platform.a(fsl_sim_hal_MKL03Z4.c.obj)
 .ARM.attributes